===== ANALYST laguna 2026-09-03 15:57:16 UTC =====
[91m[1mError: [0m{
  "name": "UnknownError",
  "data": {
    "message": "Unexpected server error. Check server logs for details.",
    "ref": "err_182541bc"
  }
}
===== ANALYST laguna 2026-09-03 18:56:04 UTC =====
[91m[1mError: [0m{
  "name": "UnknownError",
  "data": {
    "message": "Unexpected server error. Check server logs for details.",
    "ref": "err_0357af8f"
  }
}
===== ANALYST laguna 2026-09-03 21:34:05 UTC =====
[91m[1mError: [0m{
  "name": "UnknownError",
  "data": {
    "message": "Unexpected server error. Check server logs for details.",
    "ref": "err_4fc641ac"
  }
}
===== ANALYST laguna 2026-09-03 23:34:58 UTC =====
[91m[1mError: [0m{
  "name": "UnknownError",
  "data": {
    "message": "Unexpected server error. Check server logs for details.",
    "ref": "err_c60de667"
  }
}
===== ANALYST laguna 2026-09-04 01:25:41 UTC =====
[91m[1mError: [0m{
  "name": "UnknownError",
  "data": {
    "message": "Unexpected server error. Check server logs for details.",
    "ref": "err_d49b986b"
  }
}
===== ANALYST laguna 2026-09-04 06:05:57 UTC =====
[91m[1mError: [0m{
  "name": "UnknownError",
  "data": {
    "message": "Unexpected server error. Check server logs for details.",
    "ref": "err_f69f04df"
  }
}
===== ANALYST laguna 2026-09-04 11:25:42 UTC =====
[91m[1mError: [0m{
  "name": "UnknownError",
  "data": {
    "message": "Unexpected server error. Check server logs for details.",
    "ref": "err_2e1d59d1"
  }
}
===== ANALYST laguna 2026-09-04 15:15:36 UTC =====
[91m[1mError: [0m{
  "name": "UnknownError",
  "data": {
    "message": "Unexpected server error. Check server logs for details.",
    "ref": "err_54adfc5c"
  }
}
===== ANALYST laguna 2026-09-04 18:31:05 UTC =====
[91m[1mError: [0m{
  "name": "UnknownError",
  "data": {
    "message": "Unexpected server error. Check server logs for details.",
    "ref": "err_ce4b9950"
  }
}
===== ANALYST laguna 2026-09-04 21:04:10 UTC =====
[91m[1mError: [0m{
  "name": "UnknownError",
  "data": {
    "message": "Unexpected server error. Check server logs for details.",
    "ref": "err_9711d450"
  }
}
===== ANALYST laguna 2026-09-04 23:07:41 UTC =====
[91m[1mError: [0m{
  "name": "UnknownError",
  "data": {
    "message": "Unexpected server error. Check server logs for details.",
    "ref": "err_301b829f"
  }
}
===== ANALYST laguna 2026-09-05 01:09:42 UTC =====
[91m[1mError: [0m{
  "name": "UnknownError",
  "data": {
    "message": "Unexpected server error. Check server logs for details.",
    "ref": "err_847fb71f"
  }
}
===== ANALYST laguna 2026-09-05 05:49:45 UTC =====
[91m[1mError: [0m{
  "name": "UnknownError",
  "data": {
    "message": "Unexpected server error. Check server logs for details.",
    "ref": "err_75bfc89f"
  }
}
===== ANALYST laguna 2026-09-05 09:51:31 UTC =====
[91m[1mError: [0m{
  "name": "UnknownError",
  "data": {
    "message": "Unexpected server error. Check server logs for details.",
    "ref": "err_3b654f15"
  }
}
===== ANALYST laguna 2026-09-05 13:19:06 UTC =====
[91m[1mError: [0m{
  "name": "UnknownError",
  "data": {
    "message": "Unexpected server error. Check server logs for details.",
    "ref": "err_13052f32"
  }
}
===== ANALYST laguna 2026-09-05 16:16:16 UTC =====
[91m[1mError: [0m{
  "name": "UnknownError",
  "data": {
    "message": "Unexpected server error. Check server logs for details.",
    "ref": "err_a44c72a9"
  }
}
===== ANALYST laguna 2026-09-05 18:31:44 UTC =====
[91m[1mError: [0m{
  "name": "UnknownError",
  "data": {
    "message": "Unexpected server error. Check server logs for details.",
    "ref": "err_abc259ab"
  }
}
===== ANALYST laguna 2026-09-05 20:45:52 UTC =====
[91m[1mError: [0m{
  "name": "UnknownError",
  "data": {
    "message": "Unexpected server error. Check server logs for details.",
    "ref": "err_a14fbdda"
  }
}
===== ANALYST laguna 2026-09-05 22:38:32 UTC =====
[91m[1mError: [0m{
  "name": "UnknownError",
  "data": {
    "message": "Unexpected server error. Check server logs for details.",
    "ref": "err_83b5bdcf"
  }
}
===== ANALYST laguna 2026-09-06 00:18:36 UTC =====
[91m[1mError: [0m{
  "name": "UnknownError",
  "data": {
    "message": "Unexpected server error. Check server logs for details.",
    "ref": "err_52b3d520"
  }
}
===== ANALYST laguna 2026-09-06 04:48:10 UTC =====
[91m[1mError: [0m{
  "name": "UnknownError",
  "data": {
    "message": "Unexpected server error. Check server logs for details.",
    "ref": "err_a17e065c"
  }
}
===== ANALYST laguna 2026-09-06 09:11:41 UTC =====
[91m[1mError: [0m{
  "name": "UnknownError",
  "data": {
    "message": "Unexpected server error. Check server logs for details.",
    "ref": "err_069f2238"
  }
}
===== ANALYST laguna 2026-09-06 13:02:23 UTC =====
[91m[1mError: [0m{
  "name": "UnknownError",
  "data": {
    "message": "Unexpected server error. Check server logs for details.",
    "ref": "err_d293e178"
  }
}
===== ANALYST laguna 2026-09-06 16:04:46 UTC =====
[91m[1mError: [0m{
  "name": "UnknownError",
  "data": {
    "message": "Unexpected server error. Check server logs for details.",
    "ref": "err_f90fe967"
  }
}
===== ANALYST laguna 2026-09-06 18:03:15 UTC =====
[91m[1mError: [0m{
  "name": "UnknownError",
  "data": {
    "message": "Unexpected server error. Check server logs for details.",
    "ref": "err_75532a95"
  }
}
===== ANALYST laguna 2026-09-06 20:22:28 UTC =====
[91m[1mError: [0m{
  "name": "UnknownError",
  "data": {
    "message": "Unexpected server error. Check server logs for details.",
    "ref": "err_6573a415"
  }
}
===== ANALYST laguna 2026-09-06 22:12:26 UTC =====
[91m[1mError: [0m{
  "name": "UnknownError",
  "data": {
    "message": "Unexpected server error. Check server logs for details.",
    "ref": "err_c31c3810"
  }
}
===== ANALYST laguna 2026-09-07 00:04:50 UTC =====
[91m[1mError: [0m{
  "name": "UnknownError",
  "data": {
    "message": "Unexpected server error. Check server logs for details.",
    "ref": "err_dda08434"
  }
}
===== ANALYST laguna 2026-09-07 03:27:00 UTC =====
[91m[1mError: [0m{
  "name": "UnknownError",
  "data": {
    "message": "Unexpected server error. Check server logs for details.",
    "ref": "err_9cd6d288"
  }
}
===== ANALYST laguna 2026-09-07 08:42:53 UTC =====
[91m[1mError: [0m{
  "name": "UnknownError",
  "data": {
    "message": "Unexpected server error. Check server logs for details.",
    "ref": "err_abeae25f"
  }
}
===== ANALYST laguna 2026-09-07 14:30:45 UTC =====
[91m[1mError: [0m{
  "name": "UnknownError",
  "data": {
    "message": "Unexpected server error. Check server logs for details.",
    "ref": "err_a2473714"
  }
}
===== ANALYST laguna 2026-09-07 19:03:18 UTC =====
[91m[1mError: [0m{
  "name": "UnknownError",
  "data": {
    "message": "Unexpected server error. Check server logs for details.",
    "ref": "err_2cc31dd6"
  }
}
===== ANALYST laguna 2026-09-07 21:55:32 UTC =====
[91m[1mError: [0m{
  "name": "UnknownError",
  "data": {
    "message": "Unexpected server error. Check server logs for details.",
    "ref": "err_7599c813"
  }
}
===== ANALYST laguna 2026-09-07 23:56:11 UTC =====
[91m[1mError: [0m{
  "name": "UnknownError",
  "data": {
    "message": "Unexpected server error. Check server logs for details.",
    "ref": "err_f610a232"
  }
}
===== ANALYST laguna 2026-09-08 02:36:56 UTC =====
[91m[1mError: [0m{
  "name": "UnknownError",
  "data": {
    "message": "Unexpected server error. Check server logs for details.",
    "ref": "err_ddeafa47"
  }
}
===== ANALYST laguna 2026-09-08 07:34:07 UTC =====
[91m[1mError: [0m{
  "name": "UnknownError",
  "data": {
    "message": "Unexpected server error. Check server logs for details.",
    "ref": "err_57c95192"
  }
}
===== ANALYST laguna 2026-09-08 12:20:35 UTC =====
[91m[1mError: [0m{
  "name": "UnknownError",
  "data": {
    "message": "Unexpected server error. Check server logs for details.",
    "ref": "err_34ce51f9"
  }
}
===== ANALYST laguna 2026-09-08 16:52:40 UTC =====
[91m[1mError: [0m{
  "name": "UnknownError",
  "data": {
    "message": "Unexpected server error. Check server logs for details.",
    "ref": "err_d78437d8"
  }
}
===== ANALYST laguna 2026-09-08 19:47:48 UTC =====
[91m[1mError: [0m{
  "name": "UnknownError",
  "data": {
    "message": "Unexpected server error. Check server logs for details.",
    "ref": "err_b5f577ce"
  }
}
===== ANALYST laguna 2026-09-08 22:19:41 UTC =====
[91m[1mError: [0m{
  "name": "UnknownError",
  "data": {
    "message": "Unexpected server error. Check server logs for details.",
    "ref": "err_11a566d3"
  }
}
===== ANALYST laguna 2026-09-09 00:30:44 UTC =====
[91m[1mError: [0m{
  "name": "UnknownError",
  "data": {
    "message": "Unexpected server error. Check server logs for details.",
    "ref": "err_718ca107"
  }
}
===== ANALYST laguna 2026-09-09 04:58:23 UTC =====
[91m[1mError: [0m{
  "name": "UnknownError",
  "data": {
    "message": "Unexpected server error. Check server logs for details.",
    "ref": "err_cdbb0ebb"
  }
}
===== ANALYST laguna 2026-09-09 09:25:31 UTC =====
[91m[1mError: [0m{
  "name": "UnknownError",
  "data": {
    "message": "Unexpected server error. Check server logs for details.",
    "ref": "err_0a93b503"
  }
}
===== ANALYST laguna 2026-09-09 14:12:43 UTC =====
[91m[1mError: [0m{
  "name": "UnknownError",
  "data": {
    "message": "Unexpected server error. Check server logs for details.",
    "ref": "err_3b24520b"
  }
}
===== ANALYST laguna 2026-09-09 17:30:59 UTC =====
[91m[1mError: [0m{
  "name": "UnknownError",
  "data": {
    "message": "Unexpected server error. Check server logs for details.",
    "ref": "err_eb17bf42"
  }
}
===== ANALYST laguna 2026-09-09 20:01:22 UTC =====
[91m[1mError: [0m{
  "name": "UnknownError",
  "data": {
    "message": "Unexpected server error. Check server logs for details.",
    "ref": "err_cc7ad17a"
  }
}
===== ANALYST laguna 2026-09-09 22:27:05 UTC =====
[91m[1mError: [0m{
  "name": "UnknownError",
  "data": {
    "message": "Unexpected server error. Check server logs for details.",
    "ref": "err_307b7616"
  }
}
===== ANALYST laguna 2026-09-10 00:38:16 UTC =====
[91m[1mError: [0m{
  "name": "UnknownError",
  "data": {
    "message": "Unexpected server error. Check server logs for details.",
    "ref": "err_a0c7c20c"
  }
}
===== ANALYST laguna 2026-09-10 05:17:09 UTC =====
[91m[1mError: [0m{
  "name": "UnknownError",
  "data": {
    "message": "Unexpected server error. Check server logs for details.",
    "ref": "err_e0f930b5"
  }
}
===== ANALYST laguna 2026-09-10 09:57:10 UTC =====
[91m[1mError: [0m{
  "name": "UnknownError",
  "data": {
    "message": "Unexpected server error. Check server logs for details.",
    "ref": "err_45755520"
  }
}
===== ANALYST laguna 2026-09-10 14:06:50 UTC =====
[91m[1mError: [0m{
  "name": "UnknownError",
  "data": {
    "message": "Unexpected server error. Check server logs for details.",
    "ref": "err_83b146f0"
  }
}
===== ANALYST laguna 2026-09-10 17:44:23 UTC =====
[91m[1mError: [0m{
  "name": "UnknownError",
  "data": {
    "message": "Unexpected server error. Check server logs for details.",
    "ref": "err_7f4dff12"
  }
}
===== ANALYST laguna 2026-09-10 20:10:15 UTC =====
[91m[1mError: [0m{
  "name": "UnknownError",
  "data": {
    "message": "Unexpected server error. Check server logs for details.",
    "ref": "err_c931c52c"
  }
}
===== ANALYST laguna 2026-09-10 22:40:28 UTC =====
[91m[1mError: [0m{
  "name": "UnknownError",
  "data": {
    "message": "Unexpected server error. Check server logs for details.",
    "ref": "err_f3b7b4d8"
  }
}
===== ANALYST laguna 2026-09-11 00:39:38 UTC =====
[91m[1mError: [0m{
  "name": "UnknownError",
  "data": {
    "message": "Unexpected server error. Check server logs for details.",
    "ref": "err_6849c4d7"
  }
}
===== ANALYST laguna 2026-09-11 05:19:58 UTC =====
[91m[1mError: [0m{
  "name": "UnknownError",
  "data": {
    "message": "Unexpected server error. Check server logs for details.",
    "ref": "err_af2cc499"
  }
}
===== ANALYST laguna 2026-09-11 09:59:33 UTC =====
[91m[1mError: [0m{
  "name": "UnknownError",
  "data": {
    "message": "Unexpected server error. Check server logs for details.",
    "ref": "err_69b43842"
  }
}
===== ANALYST laguna 2026-09-11 17:45:33 UTC =====
[91m[1mError: [0m{
  "name": "UnknownError",
  "data": {
    "message": "Unexpected server error. Check server logs for details.",
    "ref": "err_169176f8"
  }
}
===== ANALYST laguna 2026-09-11 20:08:27 UTC =====
[91m[1mError: [0m{
  "name": "UnknownError",
  "data": {
    "message": "Unexpected server error. Check server logs for details.",
    "ref": "err_847e147f"
  }
}
===== ANALYST laguna 2026-09-11 22:43:36 UTC =====
[91m[1mError: [0m{
  "name": "UnknownError",
  "data": {
    "message": "Unexpected server error. Check server logs for details.",
    "ref": "err_11a8704e"
  }
}
===== ANALYST laguna 2026-09-12 00:39:43 UTC =====
[91m[1mError: [0m{
  "name": "UnknownError",
  "data": {
    "message": "Unexpected server error. Check server logs for details.",
    "ref": "err_38d7132c"
  }
}
===== ANALYST laguna 2026-09-12 05:03:37 UTC =====
[91m[1mError: [0m{
  "name": "UnknownError",
  "data": {
    "message": "Unexpected server error. Check server logs for details.",
    "ref": "err_cb00f5a2"
  }
}
===== ANALYST laguna 2026-09-12 09:12:56 UTC =====
[91m[1mError: [0m{
  "name": "UnknownError",
  "data": {
    "message": "Unexpected server error. Check server logs for details.",
    "ref": "err_740e58dd"
  }
}
===== ANALYST laguna 2026-09-12 12:56:03 UTC =====
[91m[1mError: [0m{
  "name": "UnknownError",
  "data": {
    "message": "Unexpected server error. Check server logs for details.",
    "ref": "err_fe4a3e9c"
  }
}
===== ANALYST laguna 2026-09-12 16:11:40 UTC =====
[91m[1mError: [0m{
  "name": "UnknownError",
  "data": {
    "message": "Unexpected server error. Check server logs for details.",
    "ref": "err_43f05df1"
  }
}
===== ANALYST laguna 2026-09-12 18:11:30 UTC =====
[91m[1mError: [0m{
  "name": "UnknownError",
  "data": {
    "message": "Unexpected server error. Check server logs for details.",
    "ref": "err_a3251f58"
  }
}
===== ANALYST laguna 2026-09-12 20:44:55 UTC =====
[91m[1mError: [0m{
  "name": "UnknownError",
  "data": {
    "message": "Unexpected server error. Check server logs for details.",
    "ref": "err_74039bac"
  }
}
===== ANALYST laguna 2026-09-12 22:35:22 UTC =====
[91m[1mError: [0m{
  "name": "UnknownError",
  "data": {
    "message": "Unexpected server error. Check server logs for details.",
    "ref": "err_35d0688c"
  }
}
===== ANALYST laguna 2026-09-13 00:18:42 UTC =====
[91m[1mError: [0m{
  "name": "UnknownError",
  "data": {
    "message": "Unexpected server error. Check server logs for details.",
    "ref": "err_a179c5b5"
  }
}
===== ANALYST laguna 2026-09-13 05:00:30 UTC =====
[91m[1mError: [0m{
  "name": "UnknownError",
  "data": {
    "message": "Unexpected server error. Check server logs for details.",
    "ref": "err_73e4c1d7"
  }
}
===== ANALYST laguna 2026-09-13 09:58:01 UTC =====
[91m[1mError: [0m{
  "name": "UnknownError",
  "data": {
    "message": "Unexpected server error. Check server logs for details.",
    "ref": "err_448d8e8f"
  }
}
===== ANALYST laguna 2026-09-13 14:19:08 UTC =====
[91m[1mError: [0m{
  "name": "UnknownError",
  "data": {
    "message": "Unexpected server error. Check server logs for details.",
    "ref": "err_c7ac2020"
  }
}
===== ANALYST laguna 2026-09-13 17:30:25 UTC =====
[91m[1mError: [0m{
  "name": "UnknownError",
  "data": {
    "message": "Unexpected server error. Check server logs for details.",
    "ref": "err_692f2306"
  }
}
===== ANALYST laguna 2026-09-13 19:48:41 UTC =====
[91m[1mError: [0m{
  "name": "UnknownError",
  "data": {
    "message": "Unexpected server error. Check server logs for details.",
    "ref": "err_38b3c704"
  }
}
===== ANALYST laguna 2026-09-13 22:06:16 UTC =====
[91m[1mError: [0m{
  "name": "UnknownError",
  "data": {
    "message": "Unexpected server error. Check server logs for details.",
    "ref": "err_7f9a7038"
  }
}
===== ANALYST laguna 2026-09-14 00:04:38 UTC =====
[91m[1mError: [0m{
  "name": "UnknownError",
  "data": {
    "message": "Unexpected server error. Check server logs for details.",
    "ref": "err_5a10b36b"
  }
}
===== ANALYST laguna 2026-09-14 05:08:17 UTC =====
[91m[1mError: [0m{
  "name": "UnknownError",
  "data": {
    "message": "Unexpected server error. Check server logs for details.",
    "ref": "err_4ea99b84"
  }
}
===== ANALYST laguna 2026-09-14 10:56:58 UTC =====
[91m[1mError: [0m{
  "name": "UnknownError",
  "data": {
    "message": "Unexpected server error. Check server logs for details.",
    "ref": "err_94e4103d"
  }
}
===== ANALYST laguna 2026-09-14 16:48:00 UTC =====
[91m[1mError: [0m{
  "name": "UnknownError",
  "data": {
    "message": "Unexpected server error. Check server logs for details.",
    "ref": "err_b906c8f2"
  }
}
===== ANALYST laguna 2026-09-14 20:56:42 UTC =====
[91m[1mError: [0m{
  "name": "UnknownError",
  "data": {
    "message": "Unexpected server error. Check server logs for details.",
    "ref": "err_9c3f389b"
  }
}
===== ANALYST laguna 2026-09-14 23:42:20 UTC =====
[91m[1mError: [0m{
  "name": "UnknownError",
  "data": {
    "message": "Unexpected server error. Check server logs for details.",
    "ref": "err_15107f52"
  }
}
===== ANALYST laguna 2026-09-15 01:55:32 UTC =====
[91m[1mError: [0m{
  "name": "UnknownError",
  "data": {
    "message": "Unexpected server error. Check server logs for details.",
    "ref": "err_c775ec23"
  }
}
===== ANALYST laguna 2026-09-15 07:13:47 UTC =====
[91m[1mError: [0m{
  "name": "UnknownError",
  "data": {
    "message": "Unexpected server error. Check server logs for details.",
    "ref": "err_4277b6e5"
  }
}
===== ANALYST laguna 2026-09-15 13:00:53 UTC =====
[91m[1mError: [0m{
  "name": "UnknownError",
  "data": {
    "message": "Unexpected server error. Check server logs for details.",
    "ref": "err_d7b8edea"
  }
}
===== ANALYST laguna 2026-09-15 17:37:23 UTC =====
[91m[1mError: [0m{
  "name": "UnknownError",
  "data": {
    "message": "Unexpected server error. Check server logs for details.",
    "ref": "err_7aeb5a24"
  }
}
===== ANALYST laguna 2026-09-15 20:31:44 UTC =====
[91m[1mError: [0m{
  "name": "UnknownError",
  "data": {
    "message": "Unexpected server error. Check server logs for details.",
    "ref": "err_d44c06ad"
  }
}
===== ANALYST laguna 2026-09-15 23:14:36 UTC =====
[91m[1mError: [0m{
  "name": "UnknownError",
  "data": {
    "message": "Unexpected server error. Check server logs for details.",
    "ref": "err_a0aecd8e"
  }
}
===== ANALYST laguna 2026-09-16 01:32:07 UTC =====
[91m[1mError: [0m{
  "name": "UnknownError",
  "data": {
    "message": "Unexpected server error. Check server logs for details.",
    "ref": "err_c45000ff"
  }
}
===== ANALYST laguna 2026-09-16 06:44:17 UTC =====
[91m[1mError: [0m{
  "name": "UnknownError",
  "data": {
    "message": "Unexpected server error. Check server logs for details.",
    "ref": "err_775b852d"
  }
}
===== ANALYST laguna 2026-09-16 12:24:23 UTC =====
[91m[1mError: [0m{
  "name": "UnknownError",
  "data": {
    "message": "Unexpected server error. Check server logs for details.",
    "ref": "err_9b20278d"
  }
}
===== ANALYST laguna 2026-09-16 17:19:40 UTC =====
[91m[1mError: [0m{
  "name": "UnknownError",
  "data": {
    "message": "Unexpected server error. Check server logs for details.",
    "ref": "err_ef9d4db1"
  }
}
===== ANALYST laguna 2026-09-16 20:14:18 UTC =====
[91m[1mError: [0m{
  "name": "UnknownError",
  "data": {
    "message": "Unexpected server error. Check server logs for details.",
    "ref": "err_eda6e145"
  }
}
===== ANALYST laguna 2026-09-16 23:04:18 UTC =====
[91m[1mError: [0m{
  "name": "UnknownError",
  "data": {
    "message": "Unexpected server error. Check server logs for details.",
    "ref": "err_5aff4e8d"
  }
}
===== ANALYST laguna 2026-09-17 01:13:14 UTC =====
[91m[1mError: [0m{
  "name": "UnknownError",
  "data": {
    "message": "Unexpected server error. Check server logs for details.",
    "ref": "err_0822e7fe"
  }
}
===== ANALYST laguna 2026-09-17 06:15:11 UTC =====
[91m[1mError: [0m{
  "name": "UnknownError",
  "data": {
    "message": "Unexpected server error. Check server logs for details.",
    "ref": "err_7f0423c3"
  }
}
===== ANALYST laguna 2026-09-17 11:49:44 UTC =====
[91m[1mError: [0m{
  "name": "UnknownError",
  "data": {
    "message": "Unexpected server error. Check server logs for details.",
    "ref": "err_ef2071fb"
  }
}
===== ANALYST laguna 2026-09-17 16:05:09 UTC =====
[91m[1mError: [0m{
  "name": "UnknownError",
  "data": {
    "message": "Unexpected server error. Check server logs for details.",
    "ref": "err_50d26bc1"
  }
}
===== ANALYST laguna 2026-09-17 19:47:29 UTC =====
[91m[1mError: [0m{
  "name": "UnknownError",
  "data": {
    "message": "Unexpected server error. Check server logs for details.",
    "ref": "err_d032e2ac"
  }
}
===== ANALYST laguna 2026-09-17 22:36:25 UTC =====
[91m[1mError: [0m{
  "name": "UnknownError",
  "data": {
    "message": "Unexpected server error. Check server logs for details.",
    "ref": "err_bd80c41c"
  }
}
===== ANALYST laguna 2026-09-18 00:47:11 UTC =====
[91m[1mError: [0m{
  "name": "UnknownError",
  "data": {
    "message": "Unexpected server error. Check server logs for details.",
    "ref": "err_56e30363"
  }
}
===== ANALYST laguna 2026-09-18 05:29:29 UTC =====
[91m[1mError: [0m{
  "name": "UnknownError",
  "data": {
    "message": "Unexpected server error. Check server logs for details.",
    "ref": "err_7286368c"
  }
}
===== ANALYST laguna 2026-09-18 10:07:11 UTC =====
[91m[1mError: [0m{
  "name": "UnknownError",
  "data": {
    "message": "Unexpected server error. Check server logs for details.",
    "ref": "err_fa23cf51"
  }
}
===== ANALYST laguna 2026-09-18 14:35:30 UTC =====
[91m[1mError: [0m{
  "name": "UnknownError",
  "data": {
    "message": "Unexpected server error. Check server logs for details.",
    "ref": "err_4de0f506"
  }
}
===== ANALYST laguna 2026-09-18 17:53:24 UTC =====
[91m[1mError: [0m{
  "name": "UnknownError",
  "data": {
    "message": "Unexpected server error. Check server logs for details.",
    "ref": "err_ef5a6f69"
  }
}
===== ANALYST laguna 2026-09-18 20:19:37 UTC =====
[91m[1mError: [0m{
  "name": "UnknownError",
  "data": {
    "message": "Unexpected server error. Check server logs for details.",
    "ref": "err_c60326ce"
  }
}
===== ANALYST laguna 2026-09-18 22:39:18 UTC =====
[91m[1mError: [0m{
  "name": "UnknownError",
  "data": {
    "message": "Unexpected server error. Check server logs for details.",
    "ref": "err_5bda0bc4"
  }
}
===== ANALYST laguna 2026-09-19 00:40:30 UTC =====
[91m[1mError: [0m{
  "name": "UnknownError",
  "data": {
    "message": "Unexpected server error. Check server logs for details.",
    "ref": "err_ffe0ee56"
  }
}
===== ANALYST laguna 2026-09-19 05:01:39 UTC =====
[91m[1mError: [0m{
  "name": "UnknownError",
  "data": {
    "message": "Unexpected server error. Check server logs for details.",
    "ref": "err_fefdfa84"
  }
}
===== ANALYST laguna 2026-09-19 09:22:26 UTC =====
[91m[1mError: [0m{
  "name": "UnknownError",
  "data": {
    "message": "Unexpected server error. Check server logs for details.",
    "ref": "err_278d9713"
  }
}
===== ANALYST laguna 2026-09-19 13:15:03 UTC =====
[91m[1mError: [0m{
  "name": "UnknownError",
  "data": {
    "message": "Unexpected server error. Check server logs for details.",
    "ref": "err_4fd7f1eb"
  }
}
===== ANALYST laguna 2026-09-19 16:37:22 UTC =====
[91m[1mError: [0m{
  "name": "UnknownError",
  "data": {
    "message": "Unexpected server error. Check server logs for details.",
    "ref": "err_8f8eb056"
  }
}
===== ANALYST laguna 2026-09-19 18:53:23 UTC =====
[91m[1mError: [0m{
  "name": "UnknownError",
  "data": {
    "message": "Unexpected server error. Check server logs for details.",
    "ref": "err_e229ea59"
  }
}
===== ANALYST laguna 2026-09-19 21:15:04 UTC =====
[91m[1mError: [0m{
  "name": "UnknownError",
  "data": {
    "message": "Unexpected server error. Check server logs for details.",
    "ref": "err_4c133388"
  }
}
===== ANALYST laguna 2026-09-19 23:11:21 UTC =====
[91m[1mError: [0m{
  "name": "UnknownError",
  "data": {
    "message": "Unexpected server error. Check server logs for details.",
    "ref": "err_f3c277ae"
  }
}
===== ANALYST laguna 2026-09-20 01:16:35 UTC =====
[91m[1mError: [0m{
  "name": "UnknownError",
  "data": {
    "message": "Unexpected server error. Check server logs for details.",
    "ref": "err_ce2daa85"
  }
}
===== ANALYST laguna 2026-09-20 06:24:49 UTC =====
[91m[1mError: [0m{
  "name": "UnknownError",
  "data": {
    "message": "Unexpected server error. Check server logs for details.",
    "ref": "err_aaf60dbb"
  }
}
===== ANALYST laguna 2026-09-20 11:49:36 UTC =====
[91m[1mError: [0m{
  "name": "UnknownError",
  "data": {
    "message": "Unexpected server error. Check server logs for details.",
    "ref": "err_0ec44e1b"
  }
}
===== ANALYST laguna 2026-09-20 15:19:08 UTC =====
[91m[1mError: [0m{
  "name": "UnknownError",
  "data": {
    "message": "Unexpected server error. Check server logs for details.",
    "ref": "err_ed6b17ee"
  }
}
===== ANALYST laguna 2026-09-20 18:15:05 UTC =====
[91m[1mError: [0m{
  "name": "UnknownError",
  "data": {
    "message": "Unexpected server error. Check server logs for details.",
    "ref": "err_8b57b7b6"
  }
}
===== ANALYST laguna 2026-09-20 20:53:15 UTC =====
[91m[1mError: [0m{
  "name": "UnknownError",
  "data": {
    "message": "Unexpected server error. Check server logs for details.",
    "ref": "err_71bc4069"
  }
}
===== ANALYST laguna 2026-09-20 22:53:45 UTC =====
[91m[1mError: [0m{
  "name": "UnknownError",
  "data": {
    "message": "Unexpected server error. Check server logs for details.",
    "ref": "err_f5af09d1"
  }
}
===== ANALYST laguna 2026-09-21 00:47:07 UTC =====
[91m[1mError: [0m{
  "name": "UnknownError",
  "data": {
    "message": "Unexpected server error. Check server logs for details.",
    "ref": "err_cd5e89ae"
  }
}
===== ANALYST laguna 2026-09-21 05:47:46 UTC =====
[91m[1mError: [0m{
  "name": "UnknownError",
  "data": {
    "message": "Unexpected server error. Check server logs for details.",
    "ref": "err_bd27c556"
  }
}
===== ANALYST laguna 2026-09-21 11:47:37 UTC =====
[91m[1mError: [0m{
  "name": "UnknownError",
  "data": {
    "message": "Unexpected server error. Check server logs for details.",
    "ref": "err_eedc64d4"
  }
}
===== ANALYST laguna 2026-09-21 17:42:28 UTC =====
[91m[1mError: [0m{
  "name": "UnknownError",
  "data": {
    "message": "Unexpected server error. Check server logs for details.",
    "ref": "err_b47c9508"
  }
}
===== ANALYST laguna 2026-09-21 21:16:02 UTC =====
[91m[1mError: [0m{
  "name": "UnknownError",
  "data": {
    "message": "Unexpected server error. Check server logs for details.",
    "ref": "err_449b6d91"
  }
}
===== ANALYST laguna 2026-09-22 00:12:09 UTC =====
[91m[1mError: [0m{
  "name": "UnknownError",
  "data": {
    "message": "Unexpected server error. Check server logs for details.",
    "ref": "err_c86e7746"
  }
}
===== ANALYST laguna 2026-09-22 05:03:47 UTC =====
[91m[1mError: [0m{
  "name": "UnknownError",
  "data": {
    "message": "Unexpected server error. Check server logs for details.",
    "ref": "err_bc41f672"
  }
}
===== ANALYST laguna 2026-09-22 10:05:45 UTC =====
[91m[1mError: [0m{
  "name": "UnknownError",
  "data": {
    "message": "Unexpected server error. Check server logs for details.",
    "ref": "err_ec9d691a"
  }
}
===== ANALYST laguna 2026-09-22 15:00:20 UTC =====
[91m[1mError: [0m{
  "name": "UnknownError",
  "data": {
    "message": "Unexpected server error. Check server logs for details.",
    "ref": "err_f21a6ac1"
  }
}
===== ANALYST laguna 2026-09-22 18:40:50 UTC =====
[91m[1mError: [0m{
  "name": "UnknownError",
  "data": {
    "message": "Unexpected server error. Check server logs for details.",
    "ref": "err_ecb81604"
  }
}
===== ANALYST laguna 2026-09-22 21:40:02 UTC =====
[91m[1mError: [0m{
  "name": "UnknownError",
  "data": {
    "message": "Unexpected server error. Check server logs for details.",
    "ref": "err_d89d9a69"
  }
}
===== ANALYST laguna 2026-09-22 23:50:24 UTC =====
[91m[1mError: [0m{
  "name": "UnknownError",
  "data": {
    "message": "Unexpected server error. Check server logs for details.",
    "ref": "err_c0bbf5e8"
  }
}
===== ANALYST laguna 2026-09-23 02:51:23 UTC =====
[91m[1mError: [0m{
  "name": "UnknownError",
  "data": {
    "message": "Unexpected server error. Check server logs for details.",
    "ref": "err_55fb8091"
  }
}
===== ANALYST laguna 2026-09-23 08:13:33 UTC =====
[91m[1mError: [0m{
  "name": "UnknownError",
  "data": {
    "message": "Unexpected server error. Check server logs for details.",
    "ref": "err_18be3bb6"
  }
}
===== ANALYST laguna 2026-09-23 13:45:04 UTC =====
[91m[1mError: [0m{
  "name": "UnknownError",
  "data": {
    "message": "Unexpected server error. Check server logs for details.",
    "ref": "err_8332c97c"
  }
}
===== ANALYST laguna 2026-09-23 18:10:34 UTC =====
[91m[1mError: [0m{
  "name": "UnknownError",
  "data": {
    "message": "Unexpected server error. Check server logs for details.",
    "ref": "err_00871491"
  }
}
