===== ANALYST longcat 2026-09-03 15:57:16 UTC =====
[91m[1mError: [0m{
  "name": "UnknownError",
  "data": {
    "message": "Unexpected server error. Check server logs for details.",
    "ref": "err_eb9faecb"
  }
}
===== ANALYST longcat 2026-09-03 18:56:04 UTC =====
[91m[1mError: [0m{
  "name": "UnknownError",
  "data": {
    "message": "Unexpected server error. Check server logs for details.",
    "ref": "err_66834527"
  }
}
===== ANALYST longcat 2026-09-03 21:34:05 UTC =====
[91m[1mError: [0m{
  "name": "UnknownError",
  "data": {
    "message": "Unexpected server error. Check server logs for details.",
    "ref": "err_b5ecd87b"
  }
}
===== ANALYST longcat 2026-09-03 23:34:58 UTC =====
[91m[1mError: [0m{
  "name": "UnknownError",
  "data": {
    "message": "Unexpected server error. Check server logs for details.",
    "ref": "err_7f9921cc"
  }
}
===== ANALYST longcat 2026-09-04 01:25:41 UTC =====
[91m[1mError: [0m{
  "name": "UnknownError",
  "data": {
    "message": "Unexpected server error. Check server logs for details.",
    "ref": "err_c56c68b8"
  }
}
===== ANALYST longcat 2026-09-04 06:05:57 UTC =====
[91m[1mError: [0m{
  "name": "UnknownError",
  "data": {
    "message": "Unexpected server error. Check server logs for details.",
    "ref": "err_2c2846f8"
  }
}
===== ANALYST longcat 2026-09-04 11:25:42 UTC =====
[91m[1mError: [0m{
  "name": "UnknownError",
  "data": {
    "message": "Unexpected server error. Check server logs for details.",
    "ref": "err_7c9250cf"
  }
}
===== ANALYST longcat 2026-09-04 15:15:36 UTC =====
[91m[1mError: [0m{
  "name": "UnknownError",
  "data": {
    "message": "Unexpected server error. Check server logs for details.",
    "ref": "err_f882b539"
  }
}
===== ANALYST longcat 2026-09-04 18:31:05 UTC =====
[91m[1mError: [0m{
  "name": "UnknownError",
  "data": {
    "message": "Unexpected server error. Check server logs for details.",
    "ref": "err_41f6d17b"
  }
}
===== ANALYST longcat 2026-09-04 21:04:10 UTC =====
[91m[1mError: [0m{
  "name": "UnknownError",
  "data": {
    "message": "Unexpected server error. Check server logs for details.",
    "ref": "err_3103b263"
  }
}
===== ANALYST longcat 2026-09-04 23:07:41 UTC =====
[91m[1mError: [0m{
  "name": "UnknownError",
  "data": {
    "message": "Unexpected server error. Check server logs for details.",
    "ref": "err_05db2433"
  }
}
===== ANALYST longcat 2026-09-05 01:09:42 UTC =====
[91m[1mError: [0m{
  "name": "UnknownError",
  "data": {
    "message": "Unexpected server error. Check server logs for details.",
    "ref": "err_a22dfe09"
  }
}
===== ANALYST longcat 2026-09-05 05:49:45 UTC =====
[91m[1mError: [0m{
  "name": "UnknownError",
  "data": {
    "message": "Unexpected server error. Check server logs for details.",
    "ref": "err_bbb9ffcc"
  }
}
===== ANALYST longcat 2026-09-05 09:51:31 UTC =====
[91m[1mError: [0m{
  "name": "UnknownError",
  "data": {
    "message": "Unexpected server error. Check server logs for details.",
    "ref": "err_4267a022"
  }
}
===== ANALYST longcat 2026-09-05 13:19:06 UTC =====
[91m[1mError: [0m{
  "name": "UnknownError",
  "data": {
    "message": "Unexpected server error. Check server logs for details.",
    "ref": "err_64552716"
  }
}
===== ANALYST longcat 2026-09-05 16:16:16 UTC =====
[91m[1mError: [0m{
  "name": "UnknownError",
  "data": {
    "message": "Unexpected server error. Check server logs for details.",
    "ref": "err_72a9ace6"
  }
}
===== ANALYST longcat 2026-09-05 18:31:44 UTC =====
[91m[1mError: [0m{
  "name": "UnknownError",
  "data": {
    "message": "Unexpected server error. Check server logs for details.",
    "ref": "err_0f32df6a"
  }
}
===== ANALYST longcat 2026-09-05 20:45:52 UTC =====
[91m[1mError: [0m{
  "name": "UnknownError",
  "data": {
    "message": "Unexpected server error. Check server logs for details.",
    "ref": "err_e351ae3e"
  }
}
===== ANALYST longcat 2026-09-05 22:38:32 UTC =====
[91m[1mError: [0m{
  "name": "UnknownError",
  "data": {
    "message": "Unexpected server error. Check server logs for details.",
    "ref": "err_f6874143"
  }
}
===== ANALYST longcat 2026-09-06 00:18:36 UTC =====
[91m[1mError: [0m{
  "name": "UnknownError",
  "data": {
    "message": "Unexpected server error. Check server logs for details.",
    "ref": "err_bf9e926a"
  }
}
===== ANALYST longcat 2026-09-06 04:48:10 UTC =====
[91m[1mError: [0m{
  "name": "UnknownError",
  "data": {
    "message": "Unexpected server error. Check server logs for details.",
    "ref": "err_822cafce"
  }
}
===== ANALYST longcat 2026-09-06 09:11:41 UTC =====
[91m[1mError: [0m{
  "name": "UnknownError",
  "data": {
    "message": "Unexpected server error. Check server logs for details.",
    "ref": "err_3c9faf08"
  }
}
===== ANALYST longcat 2026-09-06 13:02:23 UTC =====
[91m[1mError: [0m{
  "name": "UnknownError",
  "data": {
    "message": "Unexpected server error. Check server logs for details.",
    "ref": "err_a4d4fd2f"
  }
}
===== ANALYST longcat 2026-09-06 16:04:46 UTC =====
[91m[1mError: [0m{
  "name": "UnknownError",
  "data": {
    "message": "Unexpected server error. Check server logs for details.",
    "ref": "err_49cb8742"
  }
}
===== ANALYST longcat 2026-09-06 18:03:15 UTC =====
[91m[1mError: [0m{
  "name": "UnknownError",
  "data": {
    "message": "Unexpected server error. Check server logs for details.",
    "ref": "err_3f095461"
  }
}
===== ANALYST longcat 2026-09-06 20:22:28 UTC =====
[91m[1mError: [0m{
  "name": "UnknownError",
  "data": {
    "message": "Unexpected server error. Check server logs for details.",
    "ref": "err_764cf902"
  }
}
===== ANALYST longcat 2026-09-06 22:12:26 UTC =====
[91m[1mError: [0m{
  "name": "UnknownError",
  "data": {
    "message": "Unexpected server error. Check server logs for details.",
    "ref": "err_ad1bb1b1"
  }
}
===== ANALYST longcat 2026-09-07 00:04:50 UTC =====
[91m[1mError: [0m{
  "name": "UnknownError",
  "data": {
    "message": "Unexpected server error. Check server logs for details.",
    "ref": "err_1e67e0c4"
  }
}
===== ANALYST longcat 2026-09-07 03:27:00 UTC =====
[91m[1mError: [0m{
  "name": "UnknownError",
  "data": {
    "message": "Unexpected server error. Check server logs for details.",
    "ref": "err_15d4c7c2"
  }
}
===== ANALYST longcat 2026-09-07 08:42:53 UTC =====
[91m[1mError: [0m{
  "name": "UnknownError",
  "data": {
    "message": "Unexpected server error. Check server logs for details.",
    "ref": "err_e2c980bf"
  }
}
===== ANALYST longcat 2026-09-07 14:30:45 UTC =====
[91m[1mError: [0m{
  "name": "UnknownError",
  "data": {
    "message": "Unexpected server error. Check server logs for details.",
    "ref": "err_9f6267a5"
  }
}
===== ANALYST longcat 2026-09-07 19:03:18 UTC =====
[91m[1mError: [0m{
  "name": "UnknownError",
  "data": {
    "message": "Unexpected server error. Check server logs for details.",
    "ref": "err_6f131925"
  }
}
===== ANALYST longcat 2026-09-07 21:55:32 UTC =====
[91m[1mError: [0m{
  "name": "UnknownError",
  "data": {
    "message": "Unexpected server error. Check server logs for details.",
    "ref": "err_a047e8bd"
  }
}
===== ANALYST longcat 2026-09-07 23:56:11 UTC =====
[91m[1mError: [0m{
  "name": "UnknownError",
  "data": {
    "message": "Unexpected server error. Check server logs for details.",
    "ref": "err_64cfbebb"
  }
}
===== ANALYST longcat 2026-09-08 02:36:56 UTC =====
[91m[1mError: [0m{
  "name": "UnknownError",
  "data": {
    "message": "Unexpected server error. Check server logs for details.",
    "ref": "err_0c54e2b1"
  }
}
===== ANALYST longcat 2026-09-08 07:34:07 UTC =====
[91m[1mError: [0m{
  "name": "UnknownError",
  "data": {
    "message": "Unexpected server error. Check server logs for details.",
    "ref": "err_c691eac0"
  }
}
===== ANALYST longcat 2026-09-08 12:20:35 UTC =====
[91m[1mError: [0m{
  "name": "UnknownError",
  "data": {
    "message": "Unexpected server error. Check server logs for details.",
    "ref": "err_e3e50226"
  }
}
===== ANALYST longcat 2026-09-08 16:52:40 UTC =====
[91m[1mError: [0m{
  "name": "UnknownError",
  "data": {
    "message": "Unexpected server error. Check server logs for details.",
    "ref": "err_b8ca6648"
  }
}
===== ANALYST longcat 2026-09-08 19:47:48 UTC =====
[91m[1mError: [0m{
  "name": "UnknownError",
  "data": {
    "message": "Unexpected server error. Check server logs for details.",
    "ref": "err_ff1e6149"
  }
}
===== ANALYST longcat 2026-09-08 22:19:41 UTC =====
[91m[1mError: [0m{
  "name": "UnknownError",
  "data": {
    "message": "Unexpected server error. Check server logs for details.",
    "ref": "err_a2f959a1"
  }
}
===== ANALYST longcat 2026-09-09 00:30:44 UTC =====
[91m[1mError: [0m{
  "name": "UnknownError",
  "data": {
    "message": "Unexpected server error. Check server logs for details.",
    "ref": "err_2e6d23a6"
  }
}
===== ANALYST longcat 2026-09-09 04:58:23 UTC =====
[91m[1mError: [0m{
  "name": "UnknownError",
  "data": {
    "message": "Unexpected server error. Check server logs for details.",
    "ref": "err_65dace27"
  }
}
===== ANALYST longcat 2026-09-09 09:25:31 UTC =====
[91m[1mError: [0m{
  "name": "UnknownError",
  "data": {
    "message": "Unexpected server error. Check server logs for details.",
    "ref": "err_dc4bd004"
  }
}
===== ANALYST longcat 2026-09-09 14:12:43 UTC =====
[91m[1mError: [0m{
  "name": "UnknownError",
  "data": {
    "message": "Unexpected server error. Check server logs for details.",
    "ref": "err_bc1eb32c"
  }
}
===== ANALYST longcat 2026-09-09 17:30:59 UTC =====
[91m[1mError: [0m{
  "name": "UnknownError",
  "data": {
    "message": "Unexpected server error. Check server logs for details.",
    "ref": "err_807e74f0"
  }
}
===== ANALYST longcat 2026-09-09 20:01:22 UTC =====
[91m[1mError: [0m{
  "name": "UnknownError",
  "data": {
    "message": "Unexpected server error. Check server logs for details.",
    "ref": "err_9865af54"
  }
}
===== ANALYST longcat 2026-09-09 22:27:05 UTC =====
[91m[1mError: [0m{
  "name": "UnknownError",
  "data": {
    "message": "Unexpected server error. Check server logs for details.",
    "ref": "err_8b06b6a2"
  }
}
===== ANALYST longcat 2026-09-10 00:38:16 UTC =====
[91m[1mError: [0m{
  "name": "UnknownError",
  "data": {
    "message": "Unexpected server error. Check server logs for details.",
    "ref": "err_d2044399"
  }
}
===== ANALYST longcat 2026-09-10 05:17:09 UTC =====
[91m[1mError: [0m{
  "name": "UnknownError",
  "data": {
    "message": "Unexpected server error. Check server logs for details.",
    "ref": "err_e1f8955d"
  }
}
===== ANALYST longcat 2026-09-10 09:57:10 UTC =====
[91m[1mError: [0m{
  "name": "UnknownError",
  "data": {
    "message": "Unexpected server error. Check server logs for details.",
    "ref": "err_cc437f26"
  }
}
===== ANALYST longcat 2026-09-10 14:06:50 UTC =====
[91m[1mError: [0m{
  "name": "UnknownError",
  "data": {
    "message": "Unexpected server error. Check server logs for details.",
    "ref": "err_3820b637"
  }
}
===== ANALYST longcat 2026-09-10 17:44:23 UTC =====
[91m[1mError: [0m{
  "name": "UnknownError",
  "data": {
    "message": "Unexpected server error. Check server logs for details.",
    "ref": "err_4c159d4f"
  }
}
===== ANALYST longcat 2026-09-10 20:10:15 UTC =====
[91m[1mError: [0m{
  "name": "UnknownError",
  "data": {
    "message": "Unexpected server error. Check server logs for details.",
    "ref": "err_c9e60fd3"
  }
}
===== ANALYST longcat 2026-09-10 22:40:28 UTC =====
[91m[1mError: [0m{
  "name": "UnknownError",
  "data": {
    "message": "Unexpected server error. Check server logs for details.",
    "ref": "err_29b71771"
  }
}
===== ANALYST longcat 2026-09-11 00:39:38 UTC =====
[91m[1mError: [0m{
  "name": "UnknownError",
  "data": {
    "message": "Unexpected server error. Check server logs for details.",
    "ref": "err_f0e1ded8"
  }
}
===== ANALYST longcat 2026-09-11 05:19:58 UTC =====
[91m[1mError: [0m{
  "name": "UnknownError",
  "data": {
    "message": "Unexpected server error. Check server logs for details.",
    "ref": "err_547b9db5"
  }
}
===== ANALYST longcat 2026-09-11 09:59:33 UTC =====
[91m[1mError: [0m{
  "name": "UnknownError",
  "data": {
    "message": "Unexpected server error. Check server logs for details.",
    "ref": "err_658edb76"
  }
}
===== ANALYST longcat 2026-09-11 17:45:33 UTC =====
[91m[1mError: [0m{
  "name": "UnknownError",
  "data": {
    "message": "Unexpected server error. Check server logs for details.",
    "ref": "err_b727dad0"
  }
}
===== ANALYST longcat 2026-09-11 20:08:27 UTC =====
[91m[1mError: [0m{
  "name": "UnknownError",
  "data": {
    "message": "Unexpected server error. Check server logs for details.",
    "ref": "err_4346041f"
  }
}
===== ANALYST longcat 2026-09-11 22:43:36 UTC =====
[91m[1mError: [0m{
  "name": "UnknownError",
  "data": {
    "message": "Unexpected server error. Check server logs for details.",
    "ref": "err_d75bc9e3"
  }
}
===== ANALYST longcat 2026-09-12 00:39:43 UTC =====
[91m[1mError: [0m{
  "name": "UnknownError",
  "data": {
    "message": "Unexpected server error. Check server logs for details.",
    "ref": "err_4d8a4d9b"
  }
}
===== ANALYST longcat 2026-09-12 05:03:37 UTC =====
[91m[1mError: [0m{
  "name": "UnknownError",
  "data": {
    "message": "Unexpected server error. Check server logs for details.",
    "ref": "err_d814f4a0"
  }
}
===== ANALYST longcat 2026-09-12 09:12:56 UTC =====
[91m[1mError: [0m{
  "name": "UnknownError",
  "data": {
    "message": "Unexpected server error. Check server logs for details.",
    "ref": "err_2e174a79"
  }
}
===== ANALYST longcat 2026-09-12 12:56:03 UTC =====
[91m[1mError: [0m{
  "name": "UnknownError",
  "data": {
    "message": "Unexpected server error. Check server logs for details.",
    "ref": "err_76906a73"
  }
}
===== ANALYST longcat 2026-09-12 16:11:40 UTC =====
[91m[1mError: [0m{
  "name": "UnknownError",
  "data": {
    "message": "Unexpected server error. Check server logs for details.",
    "ref": "err_b90a2cd5"
  }
}
===== ANALYST longcat 2026-09-12 18:11:30 UTC =====
[91m[1mError: [0m{
  "name": "UnknownError",
  "data": {
    "message": "Unexpected server error. Check server logs for details.",
    "ref": "err_461d314f"
  }
}
===== ANALYST longcat 2026-09-12 20:44:55 UTC =====
[91m[1mError: [0m{
  "name": "UnknownError",
  "data": {
    "message": "Unexpected server error. Check server logs for details.",
    "ref": "err_6f3bda82"
  }
}
===== ANALYST longcat 2026-09-12 22:35:22 UTC =====
[91m[1mError: [0m{
  "name": "UnknownError",
  "data": {
    "message": "Unexpected server error. Check server logs for details.",
    "ref": "err_93e71b3c"
  }
}
===== ANALYST longcat 2026-09-13 00:18:42 UTC =====
[91m[1mError: [0m{
  "name": "UnknownError",
  "data": {
    "message": "Unexpected server error. Check server logs for details.",
    "ref": "err_b4f3a643"
  }
}
===== ANALYST longcat 2026-09-13 05:00:30 UTC =====
[91m[1mError: [0m{
  "name": "UnknownError",
  "data": {
    "message": "Unexpected server error. Check server logs for details.",
    "ref": "err_8db1a9f1"
  }
}
===== ANALYST longcat 2026-09-13 09:58:01 UTC =====
[91m[1mError: [0m{
  "name": "UnknownError",
  "data": {
    "message": "Unexpected server error. Check server logs for details.",
    "ref": "err_4e0b4fef"
  }
}
===== ANALYST longcat 2026-09-13 14:19:08 UTC =====
[91m[1mError: [0m{
  "name": "UnknownError",
  "data": {
    "message": "Unexpected server error. Check server logs for details.",
    "ref": "err_a985cd91"
  }
}
===== ANALYST longcat 2026-09-13 17:30:25 UTC =====
[91m[1mError: [0m{
  "name": "UnknownError",
  "data": {
    "message": "Unexpected server error. Check server logs for details.",
    "ref": "err_920d3d27"
  }
}
===== ANALYST longcat 2026-09-13 19:48:41 UTC =====
[91m[1mError: [0m{
  "name": "UnknownError",
  "data": {
    "message": "Unexpected server error. Check server logs for details.",
    "ref": "err_b0937b65"
  }
}
===== ANALYST longcat 2026-09-13 22:06:16 UTC =====
[91m[1mError: [0m{
  "name": "UnknownError",
  "data": {
    "message": "Unexpected server error. Check server logs for details.",
    "ref": "err_6456a800"
  }
}
===== ANALYST longcat 2026-09-14 00:04:38 UTC =====
[91m[1mError: [0m{
  "name": "UnknownError",
  "data": {
    "message": "Unexpected server error. Check server logs for details.",
    "ref": "err_6f892061"
  }
}
===== ANALYST longcat 2026-09-14 05:08:17 UTC =====
[91m[1mError: [0m{
  "name": "UnknownError",
  "data": {
    "message": "Unexpected server error. Check server logs for details.",
    "ref": "err_97bf26db"
  }
}
===== ANALYST longcat 2026-09-14 10:56:58 UTC =====
[91m[1mError: [0m{
  "name": "UnknownError",
  "data": {
    "message": "Unexpected server error. Check server logs for details.",
    "ref": "err_2479db23"
  }
}
===== ANALYST longcat 2026-09-14 16:48:00 UTC =====
[91m[1mError: [0m{
  "name": "UnknownError",
  "data": {
    "message": "Unexpected server error. Check server logs for details.",
    "ref": "err_8cdac354"
  }
}
===== ANALYST longcat 2026-09-14 20:56:42 UTC =====
[91m[1mError: [0m{
  "name": "UnknownError",
  "data": {
    "message": "Unexpected server error. Check server logs for details.",
    "ref": "err_5d16cd4b"
  }
}
===== ANALYST longcat 2026-09-14 23:42:20 UTC =====
[91m[1mError: [0m{
  "name": "UnknownError",
  "data": {
    "message": "Unexpected server error. Check server logs for details.",
    "ref": "err_45369f80"
  }
}
===== ANALYST longcat 2026-09-15 01:55:32 UTC =====
[91m[1mError: [0m{
  "name": "UnknownError",
  "data": {
    "message": "Unexpected server error. Check server logs for details.",
    "ref": "err_6ae21834"
  }
}
===== ANALYST longcat 2026-09-15 07:13:47 UTC =====
[91m[1mError: [0m{
  "name": "UnknownError",
  "data": {
    "message": "Unexpected server error. Check server logs for details.",
    "ref": "err_b3977971"
  }
}
===== ANALYST longcat 2026-09-15 13:00:53 UTC =====
[91m[1mError: [0m{
  "name": "UnknownError",
  "data": {
    "message": "Unexpected server error. Check server logs for details.",
    "ref": "err_4a64ae1c"
  }
}
===== ANALYST longcat 2026-09-15 17:37:23 UTC =====
[91m[1mError: [0m{
  "name": "UnknownError",
  "data": {
    "message": "Unexpected server error. Check server logs for details.",
    "ref": "err_2b8ed0cd"
  }
}
===== ANALYST longcat 2026-09-15 20:31:44 UTC =====
[91m[1mError: [0m{
  "name": "UnknownError",
  "data": {
    "message": "Unexpected server error. Check server logs for details.",
    "ref": "err_6c0f4df2"
  }
}
===== ANALYST longcat 2026-09-15 23:14:36 UTC =====
[91m[1mError: [0m{
  "name": "UnknownError",
  "data": {
    "message": "Unexpected server error. Check server logs for details.",
    "ref": "err_aecec833"
  }
}
===== ANALYST longcat 2026-09-16 01:32:07 UTC =====
[91m[1mError: [0m{
  "name": "UnknownError",
  "data": {
    "message": "Unexpected server error. Check server logs for details.",
    "ref": "err_57514545"
  }
}
===== ANALYST longcat 2026-09-16 06:44:17 UTC =====
[91m[1mError: [0m{
  "name": "UnknownError",
  "data": {
    "message": "Unexpected server error. Check server logs for details.",
    "ref": "err_82563b03"
  }
}
===== ANALYST longcat 2026-09-16 12:24:23 UTC =====
[91m[1mError: [0m{
  "name": "UnknownError",
  "data": {
    "message": "Unexpected server error. Check server logs for details.",
    "ref": "err_72dbe2e7"
  }
}
===== ANALYST longcat 2026-09-16 17:19:40 UTC =====
[91m[1mError: [0m{
  "name": "UnknownError",
  "data": {
    "message": "Unexpected server error. Check server logs for details.",
    "ref": "err_8c834d55"
  }
}
===== ANALYST longcat 2026-09-16 20:14:18 UTC =====
[91m[1mError: [0m{
  "name": "UnknownError",
  "data": {
    "message": "Unexpected server error. Check server logs for details.",
    "ref": "err_427259a2"
  }
}
===== ANALYST longcat 2026-09-16 23:04:18 UTC =====
[91m[1mError: [0m{
  "name": "UnknownError",
  "data": {
    "message": "Unexpected server error. Check server logs for details.",
    "ref": "err_6ae620af"
  }
}
===== ANALYST longcat 2026-09-17 01:13:14 UTC =====
[91m[1mError: [0m{
  "name": "UnknownError",
  "data": {
    "message": "Unexpected server error. Check server logs for details.",
    "ref": "err_e72e2a12"
  }
}
===== ANALYST longcat 2026-09-17 06:15:11 UTC =====
[91m[1mError: [0m{
  "name": "UnknownError",
  "data": {
    "message": "Unexpected server error. Check server logs for details.",
    "ref": "err_0e4fa704"
  }
}
===== ANALYST longcat 2026-09-17 11:49:44 UTC =====
[91m[1mError: [0m{
  "name": "UnknownError",
  "data": {
    "message": "Unexpected server error. Check server logs for details.",
    "ref": "err_0ebf72a3"
  }
}
===== ANALYST longcat 2026-09-17 16:05:09 UTC =====
[91m[1mError: [0m{
  "name": "UnknownError",
  "data": {
    "message": "Unexpected server error. Check server logs for details.",
    "ref": "err_ce604b8c"
  }
}
===== ANALYST longcat 2026-09-17 19:47:29 UTC =====
[91m[1mError: [0m{
  "name": "UnknownError",
  "data": {
    "message": "Unexpected server error. Check server logs for details.",
    "ref": "err_6cce5d26"
  }
}
===== ANALYST longcat 2026-09-17 22:36:25 UTC =====
[91m[1mError: [0m{
  "name": "UnknownError",
  "data": {
    "message": "Unexpected server error. Check server logs for details.",
    "ref": "err_f18fd218"
  }
}
===== ANALYST longcat 2026-09-18 00:47:11 UTC =====
[91m[1mError: [0m{
  "name": "UnknownError",
  "data": {
    "message": "Unexpected server error. Check server logs for details.",
    "ref": "err_b2612afb"
  }
}
===== ANALYST longcat 2026-09-18 05:29:29 UTC =====
[91m[1mError: [0m{
  "name": "UnknownError",
  "data": {
    "message": "Unexpected server error. Check server logs for details.",
    "ref": "err_e94a89eb"
  }
}
===== ANALYST longcat 2026-09-18 10:07:11 UTC =====
[91m[1mError: [0m{
  "name": "UnknownError",
  "data": {
    "message": "Unexpected server error. Check server logs for details.",
    "ref": "err_bcc65aca"
  }
}
===== ANALYST longcat 2026-09-18 14:35:30 UTC =====
[91m[1mError: [0m{
  "name": "UnknownError",
  "data": {
    "message": "Unexpected server error. Check server logs for details.",
    "ref": "err_f3aaf93b"
  }
}
===== ANALYST longcat 2026-09-18 17:53:24 UTC =====
[91m[1mError: [0m{
  "name": "UnknownError",
  "data": {
    "message": "Unexpected server error. Check server logs for details.",
    "ref": "err_c4193695"
  }
}
===== ANALYST longcat 2026-09-18 20:19:37 UTC =====
[91m[1mError: [0m{
  "name": "UnknownError",
  "data": {
    "message": "Unexpected server error. Check server logs for details.",
    "ref": "err_2361a7a3"
  }
}
===== ANALYST longcat 2026-09-18 22:39:18 UTC =====
[91m[1mError: [0m{
  "name": "UnknownError",
  "data": {
    "message": "Unexpected server error. Check server logs for details.",
    "ref": "err_0d02fb1c"
  }
}
===== ANALYST longcat 2026-09-19 00:40:30 UTC =====
[91m[1mError: [0m{
  "name": "UnknownError",
  "data": {
    "message": "Unexpected server error. Check server logs for details.",
    "ref": "err_274818b4"
  }
}
===== ANALYST longcat 2026-09-19 05:01:39 UTC =====
[91m[1mError: [0m{
  "name": "UnknownError",
  "data": {
    "message": "Unexpected server error. Check server logs for details.",
    "ref": "err_7f99e70d"
  }
}
===== ANALYST longcat 2026-09-19 09:22:26 UTC =====
[91m[1mError: [0m{
  "name": "UnknownError",
  "data": {
    "message": "Unexpected server error. Check server logs for details.",
    "ref": "err_a301396a"
  }
}
===== ANALYST longcat 2026-09-19 13:15:03 UTC =====
[91m[1mError: [0m{
  "name": "UnknownError",
  "data": {
    "message": "Unexpected server error. Check server logs for details.",
    "ref": "err_5c143bf1"
  }
}
===== ANALYST longcat 2026-09-19 16:37:22 UTC =====
[91m[1mError: [0m{
  "name": "UnknownError",
  "data": {
    "message": "Unexpected server error. Check server logs for details.",
    "ref": "err_672e884c"
  }
}
===== ANALYST longcat 2026-09-19 18:53:23 UTC =====
[91m[1mError: [0m{
  "name": "UnknownError",
  "data": {
    "message": "Unexpected server error. Check server logs for details.",
    "ref": "err_f84d36b6"
  }
}
===== ANALYST longcat 2026-09-19 21:15:04 UTC =====
[91m[1mError: [0m{
  "name": "UnknownError",
  "data": {
    "message": "Unexpected server error. Check server logs for details.",
    "ref": "err_045d86b6"
  }
}
===== ANALYST longcat 2026-09-19 23:11:21 UTC =====
[91m[1mError: [0m{
  "name": "UnknownError",
  "data": {
    "message": "Unexpected server error. Check server logs for details.",
    "ref": "err_64217a85"
  }
}
===== ANALYST longcat 2026-09-20 01:16:35 UTC =====
[91m[1mError: [0m{
  "name": "UnknownError",
  "data": {
    "message": "Unexpected server error. Check server logs for details.",
    "ref": "err_497fa9aa"
  }
}
===== ANALYST longcat 2026-09-20 06:24:49 UTC =====
[91m[1mError: [0m{
  "name": "UnknownError",
  "data": {
    "message": "Unexpected server error. Check server logs for details.",
    "ref": "err_6d61d119"
  }
}
===== ANALYST longcat 2026-09-20 11:49:36 UTC =====
[91m[1mError: [0m{
  "name": "UnknownError",
  "data": {
    "message": "Unexpected server error. Check server logs for details.",
    "ref": "err_34da550e"
  }
}
===== ANALYST longcat 2026-09-20 15:19:08 UTC =====
[91m[1mError: [0m{
  "name": "UnknownError",
  "data": {
    "message": "Unexpected server error. Check server logs for details.",
    "ref": "err_a92e6189"
  }
}
===== ANALYST longcat 2026-09-20 18:15:05 UTC =====
[91m[1mError: [0m{
  "name": "UnknownError",
  "data": {
    "message": "Unexpected server error. Check server logs for details.",
    "ref": "err_0758b970"
  }
}
===== ANALYST longcat 2026-09-20 20:53:15 UTC =====
[91m[1mError: [0m{
  "name": "UnknownError",
  "data": {
    "message": "Unexpected server error. Check server logs for details.",
    "ref": "err_285ae9f8"
  }
}
===== ANALYST longcat 2026-09-20 22:53:45 UTC =====
[91m[1mError: [0m{
  "name": "UnknownError",
  "data": {
    "message": "Unexpected server error. Check server logs for details.",
    "ref": "err_9dcb4c9b"
  }
}
===== ANALYST longcat 2026-09-21 00:47:07 UTC =====
[91m[1mError: [0m{
  "name": "UnknownError",
  "data": {
    "message": "Unexpected server error. Check server logs for details.",
    "ref": "err_f48f8886"
  }
}
===== ANALYST longcat 2026-09-21 05:47:46 UTC =====
[91m[1mError: [0m{
  "name": "UnknownError",
  "data": {
    "message": "Unexpected server error. Check server logs for details.",
    "ref": "err_e7a61ecc"
  }
}
===== ANALYST longcat 2026-09-21 11:47:37 UTC =====
[91m[1mError: [0m{
  "name": "UnknownError",
  "data": {
    "message": "Unexpected server error. Check server logs for details.",
    "ref": "err_72c96eb5"
  }
}
===== ANALYST longcat 2026-09-21 17:42:28 UTC =====
[91m[1mError: [0m{
  "name": "UnknownError",
  "data": {
    "message": "Unexpected server error. Check server logs for details.",
    "ref": "err_c9049f52"
  }
}
===== ANALYST longcat 2026-09-21 21:16:02 UTC =====
[91m[1mError: [0m{
  "name": "UnknownError",
  "data": {
    "message": "Unexpected server error. Check server logs for details.",
    "ref": "err_44898c2d"
  }
}
===== ANALYST longcat 2026-09-22 00:12:09 UTC =====
[91m[1mError: [0m{
  "name": "UnknownError",
  "data": {
    "message": "Unexpected server error. Check server logs for details.",
    "ref": "err_fc8fa662"
  }
}
===== ANALYST longcat 2026-09-22 05:03:47 UTC =====
[91m[1mError: [0m{
  "name": "UnknownError",
  "data": {
    "message": "Unexpected server error. Check server logs for details.",
    "ref": "err_1159216e"
  }
}
===== ANALYST longcat 2026-09-22 10:05:45 UTC =====
[91m[1mError: [0m{
  "name": "UnknownError",
  "data": {
    "message": "Unexpected server error. Check server logs for details.",
    "ref": "err_e4fc1cfb"
  }
}
===== ANALYST longcat 2026-09-22 15:00:20 UTC =====
[91m[1mError: [0m{
  "name": "UnknownError",
  "data": {
    "message": "Unexpected server error. Check server logs for details.",
    "ref": "err_a0ba8d0d"
  }
}
===== ANALYST longcat 2026-09-22 18:40:50 UTC =====
[91m[1mError: [0m{
  "name": "UnknownError",
  "data": {
    "message": "Unexpected server error. Check server logs for details.",
    "ref": "err_930a62fc"
  }
}
===== ANALYST longcat 2026-09-22 21:40:02 UTC =====
[91m[1mError: [0m{
  "name": "UnknownError",
  "data": {
    "message": "Unexpected server error. Check server logs for details.",
    "ref": "err_0cc90a49"
  }
}
===== ANALYST longcat 2026-09-22 23:50:24 UTC =====
[91m[1mError: [0m{
  "name": "UnknownError",
  "data": {
    "message": "Unexpected server error. Check server logs for details.",
    "ref": "err_2b078791"
  }
}
===== ANALYST longcat 2026-09-23 02:51:23 UTC =====
[91m[1mError: [0m{
  "name": "UnknownError",
  "data": {
    "message": "Unexpected server error. Check server logs for details.",
    "ref": "err_94c85473"
  }
}
===== ANALYST longcat 2026-09-23 08:13:33 UTC =====
[91m[1mError: [0m{
  "name": "UnknownError",
  "data": {
    "message": "Unexpected server error. Check server logs for details.",
    "ref": "err_3480d015"
  }
}
===== ANALYST longcat 2026-09-23 13:45:04 UTC =====
[91m[1mError: [0m{
  "name": "UnknownError",
  "data": {
    "message": "Unexpected server error. Check server logs for details.",
    "ref": "err_e029e3e2"
  }
}
===== ANALYST longcat 2026-09-23 18:10:34 UTC =====
[91m[1mError: [0m{
  "name": "UnknownError",
  "data": {
    "message": "Unexpected server error. Check server logs for details.",
    "ref": "err_19654790"
  }
}
===== ANALYST longcat 2026-09-23 21:34:43 UTC =====
[91m[1mError: [0m{
  "name": "UnknownError",
  "data": {
    "message": "Unexpected server error. Check server logs for details.",
    "ref": "err_40972b98"
  }
}
===== ANALYST longcat 2026-09-23 23:57:54 UTC =====
[91m[1mError: [0m{
  "name": "UnknownError",
  "data": {
    "message": "Unexpected server error. Check server logs for details.",
    "ref": "err_d7049c2c"
  }
}
===== ANALYST longcat 2026-09-24 02:51:38 UTC =====
[91m[1mError: [0m{
  "name": "UnknownError",
  "data": {
    "message": "Unexpected server error. Check server logs for details.",
    "ref": "err_993f8fdd"
  }
}
===== ANALYST longcat 2026-09-24 08:04:51 UTC =====
[91m[1mError: [0m{
  "name": "UnknownError",
  "data": {
    "message": "Unexpected server error. Check server logs for details.",
    "ref": "err_4ea28ddf"
  }
}
===== ANALYST longcat 2026-09-24 13:39:41 UTC =====
[91m[1mError: [0m{
  "name": "UnknownError",
  "data": {
    "message": "Unexpected server error. Check server logs for details.",
    "ref": "err_c1ccd24e"
  }
}
===== ANALYST longcat 2026-09-24 17:58:38 UTC =====
[91m[1mError: [0m{
  "name": "UnknownError",
  "data": {
    "message": "Unexpected server error. Check server logs for details.",
    "ref": "err_2b4be9f9"
  }
}
