===== ANALYST ling3 2026-09-03 15:57:16 UTC =====
[91m[1mError: [0m{
  "name": "UnknownError",
  "data": {
    "message": "Unexpected server error. Check server logs for details.",
    "ref": "err_a82f24cd"
  }
}
===== ANALYST ling3 2026-09-03 18:56:04 UTC =====
[91m[1mError: [0m{
  "name": "UnknownError",
  "data": {
    "message": "Unexpected server error. Check server logs for details.",
    "ref": "err_2c062db7"
  }
}
===== ANALYST ling3 2026-09-03 21:34:05 UTC =====
[91m[1mError: [0m{
  "name": "UnknownError",
  "data": {
    "message": "Unexpected server error. Check server logs for details.",
    "ref": "err_d3323466"
  }
}
===== ANALYST ling3 2026-09-03 23:34:58 UTC =====
[91m[1mError: [0m{
  "name": "UnknownError",
  "data": {
    "message": "Unexpected server error. Check server logs for details.",
    "ref": "err_3efa2e64"
  }
}
===== ANALYST ling3 2026-09-04 01:25:41 UTC =====
[91m[1mError: [0m{
  "name": "UnknownError",
  "data": {
    "message": "Unexpected server error. Check server logs for details.",
    "ref": "err_74e5e0fa"
  }
}
===== ANALYST ling3 2026-09-04 06:05:57 UTC =====
[91m[1mError: [0m{
  "name": "UnknownError",
  "data": {
    "message": "Unexpected server error. Check server logs for details.",
    "ref": "err_ffc7c8a2"
  }
}
===== ANALYST ling3 2026-09-04 11:25:42 UTC =====
[91m[1mError: [0m{
  "name": "UnknownError",
  "data": {
    "message": "Unexpected server error. Check server logs for details.",
    "ref": "err_8a8ecc2d"
  }
}
===== ANALYST ling3 2026-09-04 15:15:36 UTC =====
[91m[1mError: [0m{
  "name": "UnknownError",
  "data": {
    "message": "Unexpected server error. Check server logs for details.",
    "ref": "err_3c62fea6"
  }
}
===== ANALYST ling3 2026-09-04 18:31:05 UTC =====
[91m[1mError: [0m{
  "name": "UnknownError",
  "data": {
    "message": "Unexpected server error. Check server logs for details.",
    "ref": "err_923ca3bc"
  }
}
===== ANALYST ling3 2026-09-04 21:04:10 UTC =====
[91m[1mError: [0m{
  "name": "UnknownError",
  "data": {
    "message": "Unexpected server error. Check server logs for details.",
    "ref": "err_9909f260"
  }
}
===== ANALYST ling3 2026-09-04 23:07:41 UTC =====
[91m[1mError: [0m{
  "name": "UnknownError",
  "data": {
    "message": "Unexpected server error. Check server logs for details.",
    "ref": "err_a2fcf7a5"
  }
}
===== ANALYST ling3 2026-09-05 01:09:42 UTC =====
[91m[1mError: [0m{
  "name": "UnknownError",
  "data": {
    "message": "Unexpected server error. Check server logs for details.",
    "ref": "err_18de3dd5"
  }
}
===== ANALYST ling3 2026-09-05 05:49:45 UTC =====
[91m[1mError: [0m{
  "name": "UnknownError",
  "data": {
    "message": "Unexpected server error. Check server logs for details.",
    "ref": "err_4f81a5a1"
  }
}
===== ANALYST ling3 2026-09-05 09:51:31 UTC =====
[91m[1mError: [0m{
  "name": "UnknownError",
  "data": {
    "message": "Unexpected server error. Check server logs for details.",
    "ref": "err_66835350"
  }
}
===== ANALYST ling3 2026-09-05 13:19:06 UTC =====
[91m[1mError: [0m{
  "name": "UnknownError",
  "data": {
    "message": "Unexpected server error. Check server logs for details.",
    "ref": "err_1a9f5a18"
  }
}
===== ANALYST ling3 2026-09-05 16:16:16 UTC =====
[91m[1mError: [0m{
  "name": "UnknownError",
  "data": {
    "message": "Unexpected server error. Check server logs for details.",
    "ref": "err_7b300559"
  }
}
===== ANALYST ling3 2026-09-05 18:31:44 UTC =====
[91m[1mError: [0m{
  "name": "UnknownError",
  "data": {
    "message": "Unexpected server error. Check server logs for details.",
    "ref": "err_36da1c87"
  }
}
===== ANALYST ling3 2026-09-05 20:45:52 UTC =====
[91m[1mError: [0m{
  "name": "UnknownError",
  "data": {
    "message": "Unexpected server error. Check server logs for details.",
    "ref": "err_50de368b"
  }
}
===== ANALYST ling3 2026-09-05 22:38:32 UTC =====
[91m[1mError: [0m{
  "name": "UnknownError",
  "data": {
    "message": "Unexpected server error. Check server logs for details.",
    "ref": "err_b90ec1d0"
  }
}
===== ANALYST ling3 2026-09-06 00:18:36 UTC =====
[91m[1mError: [0m{
  "name": "UnknownError",
  "data": {
    "message": "Unexpected server error. Check server logs for details.",
    "ref": "err_a569744a"
  }
}
===== ANALYST ling3 2026-09-06 04:48:10 UTC =====
[91m[1mError: [0m{
  "name": "UnknownError",
  "data": {
    "message": "Unexpected server error. Check server logs for details.",
    "ref": "err_c32f78f7"
  }
}
===== ANALYST ling3 2026-09-06 09:11:41 UTC =====
[91m[1mError: [0m{
  "name": "UnknownError",
  "data": {
    "message": "Unexpected server error. Check server logs for details.",
    "ref": "err_f0d2b75d"
  }
}
===== ANALYST ling3 2026-09-06 13:02:23 UTC =====
[91m[1mError: [0m{
  "name": "UnknownError",
  "data": {
    "message": "Unexpected server error. Check server logs for details.",
    "ref": "err_6bdb2329"
  }
}
===== ANALYST ling3 2026-09-06 16:04:46 UTC =====
[91m[1mError: [0m{
  "name": "UnknownError",
  "data": {
    "message": "Unexpected server error. Check server logs for details.",
    "ref": "err_2d1f91ca"
  }
}
===== ANALYST ling3 2026-09-06 18:03:15 UTC =====
[91m[1mError: [0m{
  "name": "UnknownError",
  "data": {
    "message": "Unexpected server error. Check server logs for details.",
    "ref": "err_1ca1913f"
  }
}
===== ANALYST ling3 2026-09-06 20:22:28 UTC =====
[91m[1mError: [0m{
  "name": "UnknownError",
  "data": {
    "message": "Unexpected server error. Check server logs for details.",
    "ref": "err_800351b0"
  }
}
===== ANALYST ling3 2026-09-06 22:12:26 UTC =====
[91m[1mError: [0m{
  "name": "UnknownError",
  "data": {
    "message": "Unexpected server error. Check server logs for details.",
    "ref": "err_e63197cd"
  }
}
===== ANALYST ling3 2026-09-07 00:04:50 UTC =====
[91m[1mError: [0m{
  "name": "UnknownError",
  "data": {
    "message": "Unexpected server error. Check server logs for details.",
    "ref": "err_3ef631af"
  }
}
===== ANALYST ling3 2026-09-07 03:27:00 UTC =====
[91m[1mError: [0m{
  "name": "UnknownError",
  "data": {
    "message": "Unexpected server error. Check server logs for details.",
    "ref": "err_2e241558"
  }
}
===== ANALYST ling3 2026-09-07 08:42:53 UTC =====
[91m[1mError: [0m{
  "name": "UnknownError",
  "data": {
    "message": "Unexpected server error. Check server logs for details.",
    "ref": "err_26f59fc5"
  }
}
===== ANALYST ling3 2026-09-07 14:30:45 UTC =====
[91m[1mError: [0m{
  "name": "UnknownError",
  "data": {
    "message": "Unexpected server error. Check server logs for details.",
    "ref": "err_580b25cc"
  }
}
===== ANALYST ling3 2026-09-07 19:03:18 UTC =====
[91m[1mError: [0m{
  "name": "UnknownError",
  "data": {
    "message": "Unexpected server error. Check server logs for details.",
    "ref": "err_46b6a6cd"
  }
}
===== ANALYST ling3 2026-09-07 21:55:32 UTC =====
[91m[1mError: [0m{
  "name": "UnknownError",
  "data": {
    "message": "Unexpected server error. Check server logs for details.",
    "ref": "err_9b217026"
  }
}
===== ANALYST ling3 2026-09-07 23:56:11 UTC =====
[91m[1mError: [0m{
  "name": "UnknownError",
  "data": {
    "message": "Unexpected server error. Check server logs for details.",
    "ref": "err_3fa8420f"
  }
}
===== ANALYST ling3 2026-09-08 02:36:56 UTC =====
[91m[1mError: [0m{
  "name": "UnknownError",
  "data": {
    "message": "Unexpected server error. Check server logs for details.",
    "ref": "err_6ee629d1"
  }
}
===== ANALYST ling3 2026-09-08 07:34:07 UTC =====
[91m[1mError: [0m{
  "name": "UnknownError",
  "data": {
    "message": "Unexpected server error. Check server logs for details.",
    "ref": "err_499baa0c"
  }
}
===== ANALYST ling3 2026-09-08 12:20:35 UTC =====
[91m[1mError: [0m{
  "name": "UnknownError",
  "data": {
    "message": "Unexpected server error. Check server logs for details.",
    "ref": "err_16bae3c3"
  }
}
===== ANALYST ling3 2026-09-08 16:52:40 UTC =====
[91m[1mError: [0m{
  "name": "UnknownError",
  "data": {
    "message": "Unexpected server error. Check server logs for details.",
    "ref": "err_dbb3636a"
  }
}
===== ANALYST ling3 2026-09-08 19:47:48 UTC =====
[91m[1mError: [0m{
  "name": "UnknownError",
  "data": {
    "message": "Unexpected server error. Check server logs for details.",
    "ref": "err_de039e2f"
  }
}
===== ANALYST ling3 2026-09-08 22:19:41 UTC =====
[91m[1mError: [0m{
  "name": "UnknownError",
  "data": {
    "message": "Unexpected server error. Check server logs for details.",
    "ref": "err_4776b0d8"
  }
}
===== ANALYST ling3 2026-09-09 00:30:44 UTC =====
[91m[1mError: [0m{
  "name": "UnknownError",
  "data": {
    "message": "Unexpected server error. Check server logs for details.",
    "ref": "err_91269ef0"
  }
}
===== ANALYST ling3 2026-09-09 04:58:23 UTC =====
[91m[1mError: [0m{
  "name": "UnknownError",
  "data": {
    "message": "Unexpected server error. Check server logs for details.",
    "ref": "err_2c506e12"
  }
}
===== ANALYST ling3 2026-09-09 09:25:31 UTC =====
[91m[1mError: [0m{
  "name": "UnknownError",
  "data": {
    "message": "Unexpected server error. Check server logs for details.",
    "ref": "err_72d6ffd2"
  }
}
===== ANALYST ling3 2026-09-09 14:12:43 UTC =====
[91m[1mError: [0m{
  "name": "UnknownError",
  "data": {
    "message": "Unexpected server error. Check server logs for details.",
    "ref": "err_510c3061"
  }
}
===== ANALYST ling3 2026-09-09 17:30:59 UTC =====
[91m[1mError: [0m{
  "name": "UnknownError",
  "data": {
    "message": "Unexpected server error. Check server logs for details.",
    "ref": "err_5f03336a"
  }
}
===== ANALYST ling3 2026-09-09 20:01:22 UTC =====
[91m[1mError: [0m{
  "name": "UnknownError",
  "data": {
    "message": "Unexpected server error. Check server logs for details.",
    "ref": "err_b4078c36"
  }
}
===== ANALYST ling3 2026-09-09 22:27:05 UTC =====
[91m[1mError: [0m{
  "name": "UnknownError",
  "data": {
    "message": "Unexpected server error. Check server logs for details.",
    "ref": "err_27fc600e"
  }
}
===== ANALYST ling3 2026-09-10 00:38:16 UTC =====
[91m[1mError: [0m{
  "name": "UnknownError",
  "data": {
    "message": "Unexpected server error. Check server logs for details.",
    "ref": "err_e4c22700"
  }
}
===== ANALYST ling3 2026-09-10 05:17:09 UTC =====
[91m[1mError: [0m{
  "name": "UnknownError",
  "data": {
    "message": "Unexpected server error. Check server logs for details.",
    "ref": "err_7aa4580f"
  }
}
===== ANALYST ling3 2026-09-10 09:57:10 UTC =====
[91m[1mError: [0m{
  "name": "UnknownError",
  "data": {
    "message": "Unexpected server error. Check server logs for details.",
    "ref": "err_61671f42"
  }
}
===== ANALYST ling3 2026-09-10 14:06:50 UTC =====
[91m[1mError: [0m{
  "name": "UnknownError",
  "data": {
    "message": "Unexpected server error. Check server logs for details.",
    "ref": "err_d22f201c"
  }
}
===== ANALYST ling3 2026-09-10 17:44:23 UTC =====
[91m[1mError: [0m{
  "name": "UnknownError",
  "data": {
    "message": "Unexpected server error. Check server logs for details.",
    "ref": "err_b92efe75"
  }
}
===== ANALYST ling3 2026-09-10 20:10:15 UTC =====
[91m[1mError: [0m{
  "name": "UnknownError",
  "data": {
    "message": "Unexpected server error. Check server logs for details.",
    "ref": "err_384810d6"
  }
}
===== ANALYST ling3 2026-09-10 22:40:28 UTC =====
[91m[1mError: [0m{
  "name": "UnknownError",
  "data": {
    "message": "Unexpected server error. Check server logs for details.",
    "ref": "err_80cecd35"
  }
}
===== ANALYST ling3 2026-09-11 00:39:38 UTC =====
[91m[1mError: [0m{
  "name": "UnknownError",
  "data": {
    "message": "Unexpected server error. Check server logs for details.",
    "ref": "err_eec3fcec"
  }
}
===== ANALYST ling3 2026-09-11 05:19:58 UTC =====
[91m[1mError: [0m{
  "name": "UnknownError",
  "data": {
    "message": "Unexpected server error. Check server logs for details.",
    "ref": "err_9d97531d"
  }
}
===== ANALYST ling3 2026-09-11 09:59:33 UTC =====
[91m[1mError: [0m{
  "name": "UnknownError",
  "data": {
    "message": "Unexpected server error. Check server logs for details.",
    "ref": "err_3d51759d"
  }
}
===== ANALYST ling3 2026-09-11 17:45:33 UTC =====
[91m[1mError: [0m{
  "name": "UnknownError",
  "data": {
    "message": "Unexpected server error. Check server logs for details.",
    "ref": "err_f34bf2d3"
  }
}
===== ANALYST ling3 2026-09-11 20:08:27 UTC =====
[91m[1mError: [0m{
  "name": "UnknownError",
  "data": {
    "message": "Unexpected server error. Check server logs for details.",
    "ref": "err_a1ad40bb"
  }
}
===== ANALYST ling3 2026-09-11 22:43:36 UTC =====
[91m[1mError: [0m{
  "name": "UnknownError",
  "data": {
    "message": "Unexpected server error. Check server logs for details.",
    "ref": "err_91d32adf"
  }
}
===== ANALYST ling3 2026-09-12 00:39:43 UTC =====
[91m[1mError: [0m{
  "name": "UnknownError",
  "data": {
    "message": "Unexpected server error. Check server logs for details.",
    "ref": "err_3e3112bd"
  }
}
===== ANALYST ling3 2026-09-12 05:03:37 UTC =====
[91m[1mError: [0m{
  "name": "UnknownError",
  "data": {
    "message": "Unexpected server error. Check server logs for details.",
    "ref": "err_690daff9"
  }
}
===== ANALYST ling3 2026-09-12 09:12:56 UTC =====
[91m[1mError: [0m{
  "name": "UnknownError",
  "data": {
    "message": "Unexpected server error. Check server logs for details.",
    "ref": "err_b9ffe41c"
  }
}
===== ANALYST ling3 2026-09-12 12:56:03 UTC =====
[91m[1mError: [0m{
  "name": "UnknownError",
  "data": {
    "message": "Unexpected server error. Check server logs for details.",
    "ref": "err_e2c4ee67"
  }
}
===== ANALYST ling3 2026-09-12 16:11:40 UTC =====
[91m[1mError: [0m{
  "name": "UnknownError",
  "data": {
    "message": "Unexpected server error. Check server logs for details.",
    "ref": "err_f95a7ccc"
  }
}
===== ANALYST ling3 2026-09-12 18:11:30 UTC =====
[91m[1mError: [0m{
  "name": "UnknownError",
  "data": {
    "message": "Unexpected server error. Check server logs for details.",
    "ref": "err_ed8eb804"
  }
}
===== ANALYST ling3 2026-09-12 20:44:55 UTC =====
[91m[1mError: [0m{
  "name": "UnknownError",
  "data": {
    "message": "Unexpected server error. Check server logs for details.",
    "ref": "err_e14feafd"
  }
}
===== ANALYST ling3 2026-09-12 22:35:22 UTC =====
[91m[1mError: [0m{
  "name": "UnknownError",
  "data": {
    "message": "Unexpected server error. Check server logs for details.",
    "ref": "err_2ecd5004"
  }
}
===== ANALYST ling3 2026-09-13 00:18:42 UTC =====
[91m[1mError: [0m{
  "name": "UnknownError",
  "data": {
    "message": "Unexpected server error. Check server logs for details.",
    "ref": "err_c2a9d9da"
  }
}
===== ANALYST ling3 2026-09-13 05:00:30 UTC =====
[91m[1mError: [0m{
  "name": "UnknownError",
  "data": {
    "message": "Unexpected server error. Check server logs for details.",
    "ref": "err_7e9e4ba2"
  }
}
===== ANALYST ling3 2026-09-13 09:58:01 UTC =====
[91m[1mError: [0m{
  "name": "UnknownError",
  "data": {
    "message": "Unexpected server error. Check server logs for details.",
    "ref": "err_05e5581c"
  }
}
===== ANALYST ling3 2026-09-13 14:19:08 UTC =====
[91m[1mError: [0m{
  "name": "UnknownError",
  "data": {
    "message": "Unexpected server error. Check server logs for details.",
    "ref": "err_7267db28"
  }
}
===== ANALYST ling3 2026-09-13 17:30:25 UTC =====
[91m[1mError: [0m{
  "name": "UnknownError",
  "data": {
    "message": "Unexpected server error. Check server logs for details.",
    "ref": "err_51945021"
  }
}
===== ANALYST ling3 2026-09-13 19:48:41 UTC =====
[91m[1mError: [0m{
  "name": "UnknownError",
  "data": {
    "message": "Unexpected server error. Check server logs for details.",
    "ref": "err_78706b9c"
  }
}
===== ANALYST ling3 2026-09-13 22:06:16 UTC =====
[91m[1mError: [0m{
  "name": "UnknownError",
  "data": {
    "message": "Unexpected server error. Check server logs for details.",
    "ref": "err_8536c0ba"
  }
}
===== ANALYST ling3 2026-09-14 00:04:38 UTC =====
[91m[1mError: [0m{
  "name": "UnknownError",
  "data": {
    "message": "Unexpected server error. Check server logs for details.",
    "ref": "err_c32bea10"
  }
}
===== ANALYST ling3 2026-09-14 05:08:17 UTC =====
[91m[1mError: [0m{
  "name": "UnknownError",
  "data": {
    "message": "Unexpected server error. Check server logs for details.",
    "ref": "err_a1d6ece7"
  }
}
===== ANALYST ling3 2026-09-14 10:56:58 UTC =====
[91m[1mError: [0m{
  "name": "UnknownError",
  "data": {
    "message": "Unexpected server error. Check server logs for details.",
    "ref": "err_ee84ee6a"
  }
}
===== ANALYST ling3 2026-09-14 16:48:00 UTC =====
[91m[1mError: [0m{
  "name": "UnknownError",
  "data": {
    "message": "Unexpected server error. Check server logs for details.",
    "ref": "err_18a9f59a"
  }
}
===== ANALYST ling3 2026-09-14 20:56:42 UTC =====
[91m[1mError: [0m{
  "name": "UnknownError",
  "data": {
    "message": "Unexpected server error. Check server logs for details.",
    "ref": "err_d8949653"
  }
}
===== ANALYST ling3 2026-09-14 23:42:20 UTC =====
[91m[1mError: [0m{
  "name": "UnknownError",
  "data": {
    "message": "Unexpected server error. Check server logs for details.",
    "ref": "err_2fa216c6"
  }
}
===== ANALYST ling3 2026-09-15 01:55:32 UTC =====
[91m[1mError: [0m{
  "name": "UnknownError",
  "data": {
    "message": "Unexpected server error. Check server logs for details.",
    "ref": "err_ddec01b9"
  }
}
===== ANALYST ling3 2026-09-15 07:13:47 UTC =====
[91m[1mError: [0m{
  "name": "UnknownError",
  "data": {
    "message": "Unexpected server error. Check server logs for details.",
    "ref": "err_d0dd03b1"
  }
}
===== ANALYST ling3 2026-09-15 13:00:53 UTC =====
[91m[1mError: [0m{
  "name": "UnknownError",
  "data": {
    "message": "Unexpected server error. Check server logs for details.",
    "ref": "err_08f74c64"
  }
}
===== ANALYST ling3 2026-09-15 17:37:23 UTC =====
[91m[1mError: [0m{
  "name": "UnknownError",
  "data": {
    "message": "Unexpected server error. Check server logs for details.",
    "ref": "err_dc67ff50"
  }
}
===== ANALYST ling3 2026-09-15 20:31:44 UTC =====
[91m[1mError: [0m{
  "name": "UnknownError",
  "data": {
    "message": "Unexpected server error. Check server logs for details.",
    "ref": "err_188feea7"
  }
}
===== ANALYST ling3 2026-09-15 23:14:36 UTC =====
[91m[1mError: [0m{
  "name": "UnknownError",
  "data": {
    "message": "Unexpected server error. Check server logs for details.",
    "ref": "err_a9e7361a"
  }
}
===== ANALYST ling3 2026-09-16 01:32:07 UTC =====
[91m[1mError: [0m{
  "name": "UnknownError",
  "data": {
    "message": "Unexpected server error. Check server logs for details.",
    "ref": "err_1b0c6da5"
  }
}
===== ANALYST ling3 2026-09-16 06:44:17 UTC =====
[91m[1mError: [0m{
  "name": "UnknownError",
  "data": {
    "message": "Unexpected server error. Check server logs for details.",
    "ref": "err_305364eb"
  }
}
===== ANALYST ling3 2026-09-16 12:24:23 UTC =====
[91m[1mError: [0m{
  "name": "UnknownError",
  "data": {
    "message": "Unexpected server error. Check server logs for details.",
    "ref": "err_36668bbb"
  }
}
===== ANALYST ling3 2026-09-16 17:19:40 UTC =====
[91m[1mError: [0m{
  "name": "UnknownError",
  "data": {
    "message": "Unexpected server error. Check server logs for details.",
    "ref": "err_a1d82e94"
  }
}
===== ANALYST ling3 2026-09-16 20:14:18 UTC =====
[91m[1mError: [0m{
  "name": "UnknownError",
  "data": {
    "message": "Unexpected server error. Check server logs for details.",
    "ref": "err_6c37d431"
  }
}
===== ANALYST ling3 2026-09-16 23:04:18 UTC =====
[91m[1mError: [0m{
  "name": "UnknownError",
  "data": {
    "message": "Unexpected server error. Check server logs for details.",
    "ref": "err_3a994e40"
  }
}
===== ANALYST ling3 2026-09-17 01:13:14 UTC =====
[91m[1mError: [0m{
  "name": "UnknownError",
  "data": {
    "message": "Unexpected server error. Check server logs for details.",
    "ref": "err_3940d528"
  }
}
===== ANALYST ling3 2026-09-17 06:15:11 UTC =====
[91m[1mError: [0m{
  "name": "UnknownError",
  "data": {
    "message": "Unexpected server error. Check server logs for details.",
    "ref": "err_1c982eeb"
  }
}
===== ANALYST ling3 2026-09-17 11:49:44 UTC =====
[91m[1mError: [0m{
  "name": "UnknownError",
  "data": {
    "message": "Unexpected server error. Check server logs for details.",
    "ref": "err_6c5ab64f"
  }
}
===== ANALYST ling3 2026-09-17 16:05:09 UTC =====
[91m[1mError: [0m{
  "name": "UnknownError",
  "data": {
    "message": "Unexpected server error. Check server logs for details.",
    "ref": "err_3b450868"
  }
}
===== ANALYST ling3 2026-09-17 19:47:29 UTC =====
[91m[1mError: [0m{
  "name": "UnknownError",
  "data": {
    "message": "Unexpected server error. Check server logs for details.",
    "ref": "err_d324e718"
  }
}
===== ANALYST ling3 2026-09-17 22:36:25 UTC =====
[91m[1mError: [0m{
  "name": "UnknownError",
  "data": {
    "message": "Unexpected server error. Check server logs for details.",
    "ref": "err_d9c6638a"
  }
}
===== ANALYST ling3 2026-09-18 00:47:11 UTC =====
[91m[1mError: [0m{
  "name": "UnknownError",
  "data": {
    "message": "Unexpected server error. Check server logs for details.",
    "ref": "err_e4a0696d"
  }
}
===== ANALYST ling3 2026-09-18 05:29:29 UTC =====
[91m[1mError: [0m{
  "name": "UnknownError",
  "data": {
    "message": "Unexpected server error. Check server logs for details.",
    "ref": "err_46e11e38"
  }
}
===== ANALYST ling3 2026-09-18 10:07:11 UTC =====
[91m[1mError: [0m{
  "name": "UnknownError",
  "data": {
    "message": "Unexpected server error. Check server logs for details.",
    "ref": "err_992c27a5"
  }
}
===== ANALYST ling3 2026-09-18 14:35:30 UTC =====
[91m[1mError: [0m{
  "name": "UnknownError",
  "data": {
    "message": "Unexpected server error. Check server logs for details.",
    "ref": "err_be2ffd15"
  }
}
===== ANALYST ling3 2026-09-18 17:53:24 UTC =====
[91m[1mError: [0m{
  "name": "UnknownError",
  "data": {
    "message": "Unexpected server error. Check server logs for details.",
    "ref": "err_3b43a570"
  }
}
===== ANALYST ling3 2026-09-18 20:19:37 UTC =====
[91m[1mError: [0m{
  "name": "UnknownError",
  "data": {
    "message": "Unexpected server error. Check server logs for details.",
    "ref": "err_4a39a603"
  }
}
===== ANALYST ling3 2026-09-18 22:39:18 UTC =====
[91m[1mError: [0m{
  "name": "UnknownError",
  "data": {
    "message": "Unexpected server error. Check server logs for details.",
    "ref": "err_881a992b"
  }
}
===== ANALYST ling3 2026-09-19 00:40:30 UTC =====
[91m[1mError: [0m{
  "name": "UnknownError",
  "data": {
    "message": "Unexpected server error. Check server logs for details.",
    "ref": "err_c41c6e44"
  }
}
===== ANALYST ling3 2026-09-19 05:01:39 UTC =====
[91m[1mError: [0m{
  "name": "UnknownError",
  "data": {
    "message": "Unexpected server error. Check server logs for details.",
    "ref": "err_4a108fe1"
  }
}
===== ANALYST ling3 2026-09-19 09:22:26 UTC =====
[91m[1mError: [0m{
  "name": "UnknownError",
  "data": {
    "message": "Unexpected server error. Check server logs for details.",
    "ref": "err_51c5999d"
  }
}
===== ANALYST ling3 2026-09-19 13:15:03 UTC =====
[91m[1mError: [0m{
  "name": "UnknownError",
  "data": {
    "message": "Unexpected server error. Check server logs for details.",
    "ref": "err_6ef373da"
  }
}
===== ANALYST ling3 2026-09-19 16:37:22 UTC =====
[91m[1mError: [0m{
  "name": "UnknownError",
  "data": {
    "message": "Unexpected server error. Check server logs for details.",
    "ref": "err_e611a001"
  }
}
===== ANALYST ling3 2026-09-19 18:53:23 UTC =====
[91m[1mError: [0m{
  "name": "UnknownError",
  "data": {
    "message": "Unexpected server error. Check server logs for details.",
    "ref": "err_bc56429f"
  }
}
===== ANALYST ling3 2026-09-19 21:15:04 UTC =====
[91m[1mError: [0m{
  "name": "UnknownError",
  "data": {
    "message": "Unexpected server error. Check server logs for details.",
    "ref": "err_93c62ecf"
  }
}
===== ANALYST ling3 2026-09-19 23:11:21 UTC =====
[91m[1mError: [0m{
  "name": "UnknownError",
  "data": {
    "message": "Unexpected server error. Check server logs for details.",
    "ref": "err_899f268d"
  }
}
===== ANALYST ling3 2026-09-20 01:16:35 UTC =====
[91m[1mError: [0m{
  "name": "UnknownError",
  "data": {
    "message": "Unexpected server error. Check server logs for details.",
    "ref": "err_7f8824ac"
  }
}
===== ANALYST ling3 2026-09-20 06:24:49 UTC =====
[91m[1mError: [0m{
  "name": "UnknownError",
  "data": {
    "message": "Unexpected server error. Check server logs for details.",
    "ref": "err_cb8187ff"
  }
}
===== ANALYST ling3 2026-09-20 11:49:36 UTC =====
[91m[1mError: [0m{
  "name": "UnknownError",
  "data": {
    "message": "Unexpected server error. Check server logs for details.",
    "ref": "err_5f27ff88"
  }
}
===== ANALYST ling3 2026-09-20 15:19:08 UTC =====
[91m[1mError: [0m{
  "name": "UnknownError",
  "data": {
    "message": "Unexpected server error. Check server logs for details.",
    "ref": "err_9686b25d"
  }
}
===== ANALYST ling3 2026-09-20 18:15:05 UTC =====
[91m[1mError: [0m{
  "name": "UnknownError",
  "data": {
    "message": "Unexpected server error. Check server logs for details.",
    "ref": "err_bb7c5894"
  }
}
===== ANALYST ling3 2026-09-20 20:53:15 UTC =====
[91m[1mError: [0m{
  "name": "UnknownError",
  "data": {
    "message": "Unexpected server error. Check server logs for details.",
    "ref": "err_cd3dfb70"
  }
}
===== ANALYST ling3 2026-09-20 22:53:45 UTC =====
[91m[1mError: [0m{
  "name": "UnknownError",
  "data": {
    "message": "Unexpected server error. Check server logs for details.",
    "ref": "err_5fd60301"
  }
}
===== ANALYST ling3 2026-09-21 00:47:07 UTC =====
[91m[1mError: [0m{
  "name": "UnknownError",
  "data": {
    "message": "Unexpected server error. Check server logs for details.",
    "ref": "err_b51973d4"
  }
}
===== ANALYST ling3 2026-09-21 05:47:46 UTC =====
[91m[1mError: [0m{
  "name": "UnknownError",
  "data": {
    "message": "Unexpected server error. Check server logs for details.",
    "ref": "err_1ab208cd"
  }
}
===== ANALYST ling3 2026-09-21 11:47:37 UTC =====
[91m[1mError: [0m{
  "name": "UnknownError",
  "data": {
    "message": "Unexpected server error. Check server logs for details.",
    "ref": "err_40871801"
  }
}
===== ANALYST ling3 2026-09-21 17:42:28 UTC =====
[91m[1mError: [0m{
  "name": "UnknownError",
  "data": {
    "message": "Unexpected server error. Check server logs for details.",
    "ref": "err_8a27488e"
  }
}
===== ANALYST ling3 2026-09-21 21:16:02 UTC =====
[91m[1mError: [0m{
  "name": "UnknownError",
  "data": {
    "message": "Unexpected server error. Check server logs for details.",
    "ref": "err_0992bc5a"
  }
}
===== ANALYST ling3 2026-09-22 00:12:09 UTC =====
[91m[1mError: [0m{
  "name": "UnknownError",
  "data": {
    "message": "Unexpected server error. Check server logs for details.",
    "ref": "err_047c5f0e"
  }
}
===== ANALYST ling3 2026-09-22 05:03:47 UTC =====
[91m[1mError: [0m{
  "name": "UnknownError",
  "data": {
    "message": "Unexpected server error. Check server logs for details.",
    "ref": "err_358aba6f"
  }
}
===== ANALYST ling3 2026-09-22 10:05:45 UTC =====
[91m[1mError: [0m{
  "name": "UnknownError",
  "data": {
    "message": "Unexpected server error. Check server logs for details.",
    "ref": "err_c65a9a41"
  }
}
